Archive member included to satisfy reference by file (symbol)

/usr/lib/gcc/arm-none-eabi/10.3.1/../../../arm-none-eabi/lib/thumb/v7-m/nofp/libg.a(lib_a-ctype_.o)
                              ./build/obj/chscanf.o (symbol from plugin) (_ctype_)
/usr/lib/gcc/arm-none-eabi/10.3.1/../../../arm-none-eabi/lib/thumb/v7-m/nofp/libg.a(lib_a-memcmp.o)
                              /tmp/ch.elf.PrlmSi.ltrans0.ltrans.o (memcmp)
/usr/lib/gcc/arm-none-eabi/10.3.1/../../../arm-none-eabi/lib/thumb/v7-m/nofp/libg.a(lib_a-memcpy.o)
                              /tmp/ch.elf.PrlmSi.ltrans0.ltrans.o (memcpy)
/usr/lib/gcc/arm-none-eabi/10.3.1/../../../arm-none-eabi/lib/thumb/v7-m/nofp/libg.a(lib_a-memset.o)
                              /tmp/ch.elf.PrlmSi.ltrans0.ltrans.o (memset)
/usr/lib/gcc/arm-none-eabi/10.3.1/../../../arm-none-eabi/lib/thumb/v7-m/nofp/libg.a(lib_a-strchr.o)
                              /tmp/ch.elf.PrlmSi.ltrans0.ltrans.o (strchr)
/usr/lib/gcc/arm-none-eabi/10.3.1/../../../arm-none-eabi/lib/thumb/v7-m/nofp/libg.a(lib_a-strcmp.o)
                              /tmp/ch.elf.PrlmSi.ltrans0.ltrans.o (strcmp)
/usr/lib/gcc/arm-none-eabi/10.3.1/../../../arm-none-eabi/lib/thumb/v7-m/nofp/libg.a(lib_a-strcpy.o)
                              /tmp/ch.elf.PrlmSi.ltrans1.ltrans.o (strcpy)
/usr/lib/gcc/arm-none-eabi/10.3.1/../../../arm-none-eabi/lib/thumb/v7-m/nofp/libg.a(lib_a-strlen-stub.o)
                              /tmp/ch.elf.PrlmSi.ltrans1.ltrans.o (strlen)
/usr/lib/gcc/arm-none-eabi/10.3.1/../../../arm-none-eabi/lib/thumb/v7-m/nofp/libg.a(lib_a-strncmp.o)
                              /tmp/ch.elf.PrlmSi.ltrans0.ltrans.o (strncmp)
/usr/lib/gcc/arm-none-eabi/10.3.1/../../../arm-none-eabi/lib/thumb/v7-m/nofp/libg.a(lib_a-strpbrk.o)
                              /tmp/ch.elf.PrlmSi.ltrans0.ltrans.o (strpbrk)
/usr/lib/gcc/arm-none-eabi/10.3.1/../../../arm-none-eabi/lib/thumb/v7-m/nofp/libg.a(lib_a-strspn.o)
                              /tmp/ch.elf.PrlmSi.ltrans0.ltrans.o (strspn)

Discarded input sections

 .data          0x0000000000000000        0x0 ./build/obj/crt0_v7m.o
 .bss           0x0000000000000000        0x0 ./build/obj/crt0_v7m.o
 .data          0x0000000000000000        0x0 ./build/obj/vectors.o
 .bss           0x0000000000000000        0x0 ./build/obj/vectors.o
 .data          0x0000000000000000        0x0 ./build/obj/chcoreasm.o
 .bss           0x0000000000000000        0x0 ./build/obj/chcoreasm.o
 .text          0x0000000000000000        0x0 /tmp/ch.elf.PrlmSi.ltrans0.ltrans.o
 .data          0x0000000000000000        0x0 /tmp/ch.elf.PrlmSi.ltrans0.ltrans.o
 .bss           0x0000000000000000        0x0 /tmp/ch.elf.PrlmSi.ltrans0.ltrans.o
 .text          0x0000000000000000        0x0 /tmp/ch.elf.PrlmSi.ltrans1.ltrans.o
 .data          0x0000000000000000        0x0 /tmp/ch.elf.PrlmSi.ltrans1.ltrans.o
 .bss           0x0000000000000000        0x0 /tmp/ch.elf.PrlmSi.ltrans1.ltrans.o
 .comment       0x0000000000000000       0x34 /tmp/ccT7arii.debug.temp.o
 .comment       0x0000000000000000       0x34 /tmp/cc7Dx78F.debug.temp.o
 .comment       0x0000000000000000       0x34 /tmp/ccpCv5ZY.debug.temp.o
 .debug_info    0x0000000000000000      0xba8 /tmp/ccZ7qY8O.debug.temp.o
 .debug_abbrev  0x0000000000000000      0x1be /tmp/ccZ7qY8O.debug.temp.o
 .debug_line    0x0000000000000000      0x1db /tmp/ccZ7qY8O.debug.temp.o
 .debug_str     0x0000000000000000      0x76f /tmp/ccZ7qY8O.debug.temp.o
 .comment       0x0000000000000000       0x34 /tmp/ccZ7qY8O.debug.temp.o
 .comment       0x0000000000000000       0x34 /tmp/ccKSzdhF.debug.temp.o
 .debug_info    0x0000000000000000      0x7b0 /tmp/cc2SA22a.debug.temp.o
 .debug_abbrev  0x0000000000000000      0x1b5 /tmp/cc2SA22a.debug.temp.o
 .debug_line    0x0000000000000000      0x193 /tmp/cc2SA22a.debug.temp.o
 .debug_str     0x0000000000000000      0x451 /tmp/cc2SA22a.debug.temp.o
 .comment       0x0000000000000000       0x34 /tmp/cc2SA22a.debug.temp.o
 .debug_info    0x0000000000000000      0x5ba /tmp/ccdRYPTw.debug.temp.o
 .debug_abbrev  0x0000000000000000      0x13e /tmp/ccdRYPTw.debug.temp.o
 .debug_line    0x0000000000000000       0xf3 /tmp/ccdRYPTw.debug.temp.o
 .debug_str     0x0000000000000000      0x51a /tmp/ccdRYPTw.debug.temp.o
 .comment       0x0000000000000000       0x34 /tmp/ccdRYPTw.debug.temp.o
 .comment       0x0000000000000000       0x34 /tmp/ccRslxbw.debug.temp.o
 .debug_info    0x0000000000000000      0x254 /tmp/ccq03z3c.debug.temp.o
 .debug_abbrev  0x0000000000000000      0x123 /tmp/ccq03z3c.debug.temp.o
 .debug_line    0x0000000000000000      0x107 /tmp/ccq03z3c.debug.temp.o
 .debug_str     0x0000000000000000      0x26e /tmp/ccq03z3c.debug.temp.o
 .comment       0x0000000000000000       0x34 /tmp/ccq03z3c.debug.temp.o
 .comment       0x0000000000000000       0x34 /tmp/ccvhYQeJ.debug.temp.o
 .comment       0x0000000000000000       0x34 /tmp/ccQl7Knk.debug.temp.o
 .comment       0x0000000000000000       0x34 /tmp/ccWtP7U3.debug.temp.o
[...]
Memory Configuration

Name             Origin             Length             Attributes
flash0           0x0000000008000000 0x0000000000100000 xr
flash1           0x0000000000000000 0x0000000000000000 xr
flash2           0x0000000000000000 0x0000000000000000 xr
flash3           0x0000000000000000 0x0000000000000000 xr
flash4           0x0000000000000000 0x0000000000000000 xr
flash5           0x0000000000000000 0x0000000000000000 xr
flash6           0x0000000000000000 0x0000000000000000 xr
flash7           0x0000000000000000 0x0000000000000000 xr
ram0             0x0000000020000000 0x0000000000018000 xw
ram1             0x0000000000000000 0x0000000000000000 xw
ram2             0x0000000000000000 0x0000000000000000 xw
ram3             0x0000000000000000 0x0000000000000000 xw
ram4             0x0000000000000000 0x0000000000000000 xw
ram5             0x0000000000000000 0x0000000000000000 xw
ram6             0x0000000000000000 0x0000000000000000 xw
ram7             0x0000000000000000 0x0000000000000000 xw
*default*        0x0000000000000000 0xffffffffffffffff

Linker script and memory map

LOAD ./build/obj/crt0_v7m.o
LOAD ./build/obj/vectors.o
LOAD ./build/obj/chcoreasm.o
LOAD ./build/obj/crt1.o
LOAD /tmp/ch.elf.PrlmSi.ltrans0.ltrans.o
LOAD /tmp/ch.elf.PrlmSi.ltrans1.ltrans.o
LOAD /tmp/ccT7arii.debug.temp.o
LOAD /tmp/cc7Dx78F.debug.temp.o
LOAD /tmp/ccpCv5ZY.debug.temp.o
LOAD /tmp/ccZ7qY8O.debug.temp.o
LOAD /tmp/ccKSzdhF.debug.temp.o
LOAD /tmp/cc2SA22a.debug.temp.o
LOAD /tmp/ccdRYPTw.debug.temp.o
LOAD /tmp/ccRslxbw.debug.temp.o
LOAD /tmp/ccq03z3c.debug.temp.o
LOAD /tmp/ccvhYQeJ.debug.temp.o
LOAD /tmp/ccQl7Knk.debug.temp.o
LOAD /tmp/ccWtP7U3.debug.temp.o
LOAD /tmp/cchT0WqU.debug.temp.o
LOAD /tmp/ccrDuezY.debug.temp.o
LOAD /tmp/cceljwdK.debug.temp.o
LOAD /tmp/cc1PZFGO.debug.temp.o
LOAD /tmp/ccZvYFDc.debug.temp.o
LOAD /tmp/ccqovuRI.debug.temp.o
LOAD /tmp/cczzinZ8.debug.temp.o
LOAD /tmp/ccDI0WpU.debug.temp.o
LOAD /tmp/ccaaNRgh.debug.temp.o
LOAD /tmp/ccSK4oVX.debug.temp.o
LOAD /tmp/ccrSKEYo.debug.temp.o
LOAD /tmp/ccGoV6cT.debug.temp.o
LOAD /tmp/ccQRzAUa.debug.temp.o
LOAD /tmp/cc01gUbW.debug.temp.o
LOAD /tmp/ccf5FW4G.debug.temp.o
LOAD /tmp/cclWVjTc.debug.temp.o
LOAD /tmp/ccAWails.debug.temp.o
LOAD /tmp/ccjSX2Ob.debug.temp.o
LOAD /tmp/ccuA8I78.debug.temp.o
LOAD /tmp/cc83udby.debug.temp.o
LOAD /tmp/ccrhzjTR.debug.temp.o
LOAD /tmp/ccnnleDx.debug.temp.o
LOAD /tmp/ccznPcBe.debug.temp.o
LOAD /tmp/cc1ZRlzA.debug.temp.o
LOAD /tmp/ccbebI6x.debug.temp.o
LOAD /tmp/cc6XSnw1.debug.temp.o
LOAD /tmp/ccUGMPYj.debug.temp.o
LOAD /tmp/ccodWYrd.debug.temp.o
LOAD /tmp/ccB9BqGy.debug.temp.o
LOAD /tmp/cc16Z52C.debug.temp.o
LOAD /tmp/ccTQhJCg.debug.temp.o
LOAD /tmp/cc9QLLBY.debug.temp.o
LOAD /tmp/cclNzKC6.debug.temp.o
LOAD /tmp/cc4HGXfh.debug.temp.o
LOAD /tmp/cc17rajW.debug.temp.o
LOAD /tmp/ccRiTwwv.debug.temp.o
LOAD /tmp/cc5lXbZN.debug.temp.o
LOAD /tmp/ccuevhAF.debug.temp.o
LOAD /tmp/ccKQFrOn.debug.temp.o
LOAD /tmp/ccHTbylR.debug.temp.o
LOAD /tmp/cczgHpWX.debug.temp.o
LOAD /tmp/cccyEIBw.debug.temp.o
LOAD /tmp/ccoLmP2B.debug.temp.o
LOAD /tmp/cc4LIRGU.debug.temp.o
LOAD /tmp/ccrDQ5b5.debug.temp.o
LOAD /tmp/ccLQr75t.debug.temp.o
LOAD /tmp/cco7DiDy.debug.temp.o
LOAD /tmp/ccrmSd52.debug.temp.o
LOAD /tmp/cckD8sv3.debug.temp.o
LOAD /tmp/cc0mLl4C.debug.temp.o
LOAD /tmp/ccndXnHi.debug.temp.o
LOAD /tmp/ccZVzhNQ.debug.temp.o
LOAD /tmp/ccpaeRfq.debug.temp.o
LOAD /tmp/cc6Ykh7P.debug.temp.o
LOAD /tmp/cc95wmnE.debug.temp.o
LOAD /tmp/cc2TUhek.debug.temp.o
LOAD /tmp/ccyC6ugg.debug.temp.o
LOAD /tmp/ccrWm1Fa.debug.temp.o
LOAD /tmp/cczbmG7z.debug.temp.o
LOAD /tmp/cc3JqDqz.debug.temp.o
LOAD /tmp/cc70tGEa.debug.temp.o
LOAD /tmp/ccBK22k5.debug.temp.o
LOAD /tmp/ccYOR9Q0.debug.temp.o
LOAD /tmp/cc1MHbQA.debug.temp.o
LOAD /tmp/ccnJMe5U.debug.temp.o
LOAD /tmp/ccPT081o.debug.temp.o
LOAD /tmp/cc5jkqLx.debug.temp.o
LOAD /tmp/ccJDBeky.debug.temp.o
LOAD /tmp/ccMW8lyt.debug.temp.o
LOAD /tmp/ccZHfhgS.debug.temp.o
LOAD /tmp/ccSwjcvb.debug.temp.o
LOAD /tmp/ccNSyn7G.debug.temp.o
LOAD /tmp/ccjzDEYI.debug.temp.o
LOAD /tmp/ccOZAkil.debug.temp.o
LOAD /tmp/cchujncb.debug.temp.o
LOAD ./build/obj/hal.o
LOAD ./build/obj/hal_st.o
LOAD ./build/obj/hal_buffered_serial.o
LOAD ./build/obj/hal_buffers.o
LOAD ./build/obj/hal_queues.o
LOAD ./build/obj/hal_flash.o
LOAD ./build/obj/hal_mmcsd.o
LOAD ./build/obj/hal_pal.o
LOAD ./build/obj/hal_sdc.o
LOAD ./build/obj/hal_serial_usb.o
LOAD ./build/obj/hal_usb.o
LOAD ./build/obj/nvic.o
LOAD ./build/obj/stm32_isr.o
LOAD ./build/obj/hal_lld.o
LOAD ./build/obj/hal_efl_lld.o
LOAD ./build/obj/stm32_dma.o
LOAD ./build/obj/hal_pal_lld.o
LOAD ./build/obj/hal_sdc_lld.o
LOAD ./build/obj/hal_st_lld.o
LOAD ./build/obj/hal_usb_lld.o
LOAD ./build/obj/board.o
LOAD ./build/obj/osal.o
LOAD ./build/obj/chsys.o
LOAD ./build/obj/chrfcu.o
LOAD ./build/obj/chdebug.o
LOAD ./build/obj/chtrace.o
LOAD ./build/obj/chvt.o
LOAD ./build/obj/chschd.o
LOAD ./build/obj/chinstances.o
LOAD ./build/obj/chthreads.o
LOAD ./build/obj/chtm.o
LOAD ./build/obj/chregistry.o
LOAD ./build/obj/chsem.o
LOAD ./build/obj/chmtx.o
LOAD ./build/obj/chcond.o
LOAD ./build/obj/chevents.o
LOAD ./build/obj/chmsg.o
LOAD ./build/obj/chdynamic.o
LOAD ./build/obj/chmemchecks.o
LOAD ./build/obj/chmboxes.o
LOAD ./build/obj/chmemcore.o
LOAD ./build/obj/chmemheaps.o
LOAD ./build/obj/chmempools.o
LOAD ./build/obj/chpipes.o
LOAD ./build/obj/chobjcaches.o
LOAD ./build/obj/chdelegates.o
LOAD ./build/obj/chfactory.o
LOAD ./build/obj/chcore.o
LOAD ./build/obj/usbcfg.o
LOAD ./build/obj/chprintf.o
LOAD ./build/obj/chscanf.o
LOAD ./build/obj/memstreams.o
LOAD ./build/obj/nullstreams.o
LOAD ./build/obj/bufstreams.o
LOAD ./build/obj/shell.o
LOAD ./build/obj/shell_cmd.o
LOAD ./build/obj/fatfs_diskio.o
LOAD ./build/obj/fatfs_syscall.o
LOAD ./build/obj/ff.o
LOAD ./build/obj/ffunicode.o
LOAD ./build/obj/ch_test.o
LOAD ./build/obj/ch_test_printf.o
LOAD ./build/obj/rt_test_root.o
LOAD ./build/obj/rt_test_sequence_001.o
LOAD ./build/obj/rt_test_sequence_002.o
LOAD ./build/obj/rt_test_sequence_003.o
LOAD ./build/obj/rt_test_sequence_004.o
LOAD ./build/obj/rt_test_sequence_005.o
LOAD ./build/obj/rt_test_sequence_006.o
LOAD ./build/obj/rt_test_sequence_007.o
LOAD ./build/obj/rt_test_sequence_008.o
LOAD ./build/obj/rt_test_sequence_009.o
LOAD ./build/obj/rt_test_sequence_010.o
LOAD ./build/obj/rt_test_sequence_011.o
LOAD ./build/obj/rt_test_sequence_012.o
LOAD ./build/obj/oslib_test_root.o
LOAD ./build/obj/oslib_test_sequence_001.o
LOAD ./build/obj/oslib_test_sequence_002.o
LOAD ./build/obj/oslib_test_sequence_003.o
LOAD ./build/obj/oslib_test_sequence_004.o
LOAD ./build/obj/oslib_test_sequence_005.o
LOAD ./build/obj/oslib_test_sequence_006.o
LOAD ./build/obj/oslib_test_sequence_007.o
LOAD ./build/obj/oslib_test_sequence_008.o
LOAD ./build/obj/oslib_test_sequence_009.o
LOAD ./build/obj/main.o

.mstack         0x0000000020000000      0x400
                0x0000000020000000                . = ALIGN (0x8)
                0x0000000020000000                __main_stack_base__ = .
                0x0000000020000400                . = (. + __main_stack_size__)
 *fill*         0x0000000020000000      0x400 
                0x0000000020000400                . = ALIGN (0x8)
                0x0000000020000400                __main_stack_end__ = .

.pstack         0x0000000020000400      0x400
                0x0000000020000400                . = ALIGN (0x8)
                0x0000000020000400                __process_stack_base__ = .
                0x0000000020000400                __main_thread_stack_base__ = .
                0x0000000020000800                . = (. + __process_stack_size__)
 *fill*         0x0000000020000400      0x400 
                0x0000000020000800                . = ALIGN (0x8)
                0x0000000020000800                __process_stack_end__ = .
                0x0000000020000800                __main_thread_stack_end__ = .

.vectors        0x0000000008000000      0x160
                0x0000000008000000                __textvectors_base__ = LOADADDR (.vectors)
                0x0000000008000000                __vectors_base__ = .
 *(.vectors)
 .vectors       0x0000000008000000      0x160 ./build/obj/vectors.o
                0x0000000008000000                _vectors
                0x0000000008000160                __vectors_end__ = .

.xtors          0x0000000008000160        0x0
                0x0000000008000160                __init_array_base__ = .
 *(SORT_BY_NAME(.init_array.*))
 *(.init_array)
                0x0000000008000160                __init_array_end__ = .
                0x0000000008000160                __fini_array_base__ = .
 *(.fini_array)
 *(SORT_BY_NAME(.fini_array.*))
                0x0000000008000160                __fini_array_end__ = .

.text           0x0000000008000160     0xffd8
                0x0000000008000160                __text_base__ = .
 *(.text)
 .text          0x0000000008000160       0xd8 ./build/obj/crt0_v7m.o
                0x0000000008000160                _crt0_entry
 .text          0x0000000008000238        0x8 ./build/obj/vectors.o
                0x0000000008000238                Reset_Handler
                0x000000000800023a                Vector58
                0x000000000800023a                VectorE8
                0x000000000800023a                Vector9C
                0x000000000800023a                VectorAC
                0x000000000800023a                DebugMon_Handler
                0x000000000800023a                Vector5C
                0x000000000800023a                Vector11C
                0x000000000800023a                HardFault_Handler
                0x000000000800023a                Vector8C
                0x000000000800023a                SysTick_Handler
                0x000000000800023a                VectorDC
                0x000000000800023a                PendSV_Handler
                0x000000000800023a                NMI_Handler
                0x000000000800023a                Vector110
                0x000000000800023a                VectorC8
                0x000000000800023a                Vector94
                0x000000000800023a                VectorA8
                0x000000000800023a                VectorB4
                0x000000000800023a                UsageFault_Handler
                0x000000000800023a                VectorEC
                0x000000000800023a                Vector40
                0x000000000800023a                VectorF8
                0x000000000800023a                Vector108
                0x000000000800023a                VectorBC
                0x000000000800023a                Vector150
                0x000000000800023a                Vector148
                0x000000000800023a                Vector118
                0x000000000800023a                Vector64
                0x000000000800023a                VectorCC
                0x000000000800023a                Vector54
                0x000000000800023a                Vector98
                0x000000000800023a                VectorD8
                0x000000000800023a                Vector138
                0x000000000800023a                Vector24
                0x000000000800023a                SecureFault_Handler
                0x000000000800023a                VectorD0
                0x000000000800023a                Vector140
                0x000000000800023a                VectorE4
                0x000000000800023a                VectorC0
                0x000000000800023a                Vector158
                0x000000000800023a                Vector134
                0x000000000800023a                VectorF0
                0x000000000800023a                Vector13C
                0x000000000800023a                Vector100
                0x000000000800023a                VectorE0
                0x000000000800023a                VectorF4
                0x000000000800023a                MemManage_Handler
                0x000000000800023a                VectorA0
                0x000000000800023a                VectorC4
                0x000000000800023a                Vector114
                0x000000000800023a                Vector60
                0x000000000800023a                Vector48
                0x000000000800023a                VectorD4
                0x000000000800023a                Vector4C
                0x000000000800023a                Vector144
                0x000000000800023a                Vector15C
                0x000000000800023a                Vector68
                0x000000000800023a                Vector88
                0x000000000800023a                Vector10C
                0x000000000800023a                Vector14C
                0x000000000800023a                BusFault_Handler
                0x000000000800023a                Vector50
                0x000000000800023a                Vector154
                0x000000000800023a                Vector44
                0x000000000800023a                Vector28
                0x000000000800023a                VectorB8
                0x000000000800023a                VectorFC
                0x000000000800023a                Vector34
                0x000000000800023a                VectorA4
                0x000000000800023a                Vector20
                0x000000000800023e                _unhandled_exception
 .text          0x0000000008000240       0x2a ./build/obj/chcoreasm.o
                0x0000000008000240                __port_switch
                0x0000000008000250                __port_thread_start
                0x0000000008000262                __port_switch_from_isr
                0x0000000008000266                __port_exit_from_isr
 *fill*         0x000000000800026a        0x2 
 .text          0x000000000800026c       0x68 /usr/lib/gcc/arm-none-eabi/10.3.1/../../../arm-none-eabi/lib/thumb/v7-m/nofp/libg.a(lib_a-memcmp.o)
                0x000000000800026c                memcmp
 .text          0x00000000080002d4       0xec /usr/lib/gcc/arm-none-eabi/10.3.1/../../../arm-none-eabi/lib/thumb/v7-m/nofp/libg.a(lib_a-memcpy.o)
                0x00000000080002d4                memcpy
 .text          0x00000000080003c0       0xa4 /usr/lib/gcc/arm-none-eabi/10.3.1/../../../arm-none-eabi/lib/thumb/v7-m/nofp/libg.a(lib_a-memset.o)
                0x00000000080003c0                memset
 .text          0x0000000008000464       0xcc /usr/lib/gcc/arm-none-eabi/10.3.1/../../../arm-none-eabi/lib/thumb/v7-m/nofp/libg.a(lib_a-strchr.o)
                0x0000000008000464                strchr
 .text          0x0000000008000530      0x1bc /usr/lib/gcc/arm-none-eabi/10.3.1/../../../arm-none-eabi/lib/thumb/v7-m/nofp/libg.a(lib_a-strcmp.o)
                0x0000000008000530                strcmp
 .text          0x00000000080006ec       0xbc /usr/lib/gcc/arm-none-eabi/10.3.1/../../../arm-none-eabi/lib/thumb/v7-m/nofp/libg.a(lib_a-strcpy.o)
                0x00000000080006ec                strcpy
 .text          0x00000000080007a8       0x5c /usr/lib/gcc/arm-none-eabi/10.3.1/../../../arm-none-eabi/lib/thumb/v7-m/nofp/libg.a(lib_a-strlen-stub.o)
                0x00000000080007a8                strlen
 .text          0x0000000008000804       0x7c /usr/lib/gcc/arm-none-eabi/10.3.1/../../../arm-none-eabi/lib/thumb/v7-m/nofp/libg.a(lib_a-strncmp.o)
                0x0000000008000804                strncmp
 .text          0x0000000008000880       0x38 /usr/lib/gcc/arm-none-eabi/10.3.1/../../../arm-none-eabi/lib/thumb/v7-m/nofp/libg.a(lib_a-strpbrk.o)
                0x0000000008000880                strpbrk
 .text          0x00000000080008b8       0x34 /usr/lib/gcc/arm-none-eabi/10.3.1/../../../arm-none-eabi/lib/thumb/v7-m/nofp/libg.a(lib_a-strspn.o)
                0x00000000080008b8                strspn
 *(.text.*)
 *fill*         0x00000000080008ec        0x4 
 .text._mmcsd_get_capacity
                0x00000000080008f0       0x48 /tmp/ch.elf.PrlmSi.ltrans0.ltrans.o
 *fill*         0x0000000008000938        0x8 
 .text.sdcSync  0x0000000008000940        0xc /tmp/ch.elf.PrlmSi.ltrans0.ltrans.o
                0x0000000008000940                sdcSync
 *fill*         0x000000000800094c        0x4 
 .text.sdcGetInfo
                0x0000000008000950       0x18 /tmp/ch.elf.PrlmSi.ltrans0.ltrans.o
                0x0000000008000950                sdcGetInfo
 *fill*         0x0000000008000968        0x8 
 .text._ctl.lto_priv.0
                0x0000000008000970        0x4 /tmp/ch.elf.PrlmSi.ltrans0.ltrans.o
                0x0000000008000970                _ctl.lto_priv.0
 *fill*         0x0000000008000974        0xc 
 .text.sduRequestsHook
                0x0000000008000980       0x48 /tmp/ch.elf.PrlmSi.ltrans0.ltrans.o
                0x0000000008000980                sduRequestsHook
 *fill*         0x00000000080009c8        0x8 
 .text.sduInterruptTransmitted
                0x00000000080009d0        0x4 /tmp/ch.elf.PrlmSi.ltrans0.ltrans.o
 *fill*         0x00000000080009d4        0xc 
 .text.set_address
                0x00000000080009e0       0x28 /tmp/ch.elf.PrlmSi.ltrans0.ltrans.o
 *fill*         0x0000000008000a08        0x8 
 .text.usbStartTransmitI
                0x0000000008000a10       0x94 /tmp/ch.elf.PrlmSi.ltrans0.ltrans.o
 *fill*         0x0000000008000aa4        0xc 
 .text.obnotify.lto_priv.0
                0x0000000008000ab0       0x50 /tmp/ch.elf.PrlmSi.ltrans0.ltrans.o
                0x0000000008000ab0                obnotify.lto_priv.0
 .text._usb_ep0out
                0x0000000008000b00       0x9c /tmp/ch.elf.PrlmSi.ltrans0.ltrans.o
                0x0000000008000b00                _usb_ep0out
 *fill*         0x0000000008000b9c        0x4 
 .text.sdc_lld_collect_errors
                0x0000000008000ba0       0x3c /tmp/ch.elf.PrlmSi.ltrans0.ltrans.o
 *fill*         0x0000000008000bdc        0x4 
 .text.sdc_lld_error_cleanup
                0x0000000008000be0       0x6c /tmp/ch.elf.PrlmSi.ltrans0.ltrans.o
 *fill*         0x0000000008000c4c        0x4 
 .text.sdc_lld_is_card_inserted
                0x0000000008000c50       0x14 /tmp/ch.elf.PrlmSi.ltrans0.ltrans.o
                0x0000000008000c50                sdc_lld_is_card_inserted
 *fill*         0x0000000008000c64        0xc 
 .text.__idle_thread.lto_priv.0
                0x0000000008000c70        0x4 /tmp/ch.elf.PrlmSi.ltrans0.ltrans.o
                0x0000000008000c70                __idle_thread.lto_priv.0
 *fill*         0x0000000008000c74        0xc 
 .text.chCoreAllocFromTop
                0x0000000008000c80       0x3c /tmp/ch.elf.PrlmSi.ltrans0.ltrans.o
                0x0000000008000c80                chCoreAllocFromTop
 *fill*         0x0000000008000cbc        0x4 
 .text.__ch_delegate_fn0
                0x0000000008000cc0        0xc /tmp/ch.elf.PrlmSi.ltrans0.ltrans.o
                0x0000000008000cc0                __ch_delegate_fn0
 *fill*         0x0000000008000ccc        0x4 
 .text.__ch_delegate_fn1
                0x0000000008000cd0       0x14 /tmp/ch.elf.PrlmSi.ltrans0.ltrans.o
                0x0000000008000cd0                __ch_delegate_fn1
 *fill*         0x0000000008000ce4        0xc 
 .text.__ch_delegate_fn2
                0x0000000008000cf0       0x1c /tmp/ch.elf.PrlmSi.ltrans0.ltrans.o
                0x0000000008000cf0                __ch_delegate_fn2
 *fill*         0x0000000008000d0c        0x4 
 .text.__ch_delegate_fn3
                0x0000000008000d10       0x20 /tmp/ch.elf.PrlmSi.ltrans0.ltrans.o
                0x0000000008000d10                __ch_delegate_fn3
 .text.__ch_delegate_fn4
                0x0000000008000d30       0x24 /tmp/ch.elf.PrlmSi.ltrans0.ltrans.o
                0x0000000008000d30                __ch_delegate_fn4
 *fill*         0x0000000008000d54        0xc 
 .text.chCoreAllocAlignedI.lto_priv.0
                0x0000000008000d60       0x20 /tmp/ch.elf.PrlmSi.ltrans0.ltrans.o
                0x0000000008000d60                chCoreAllocAlignedI.lto_priv.0
 .text.get_descriptor.lto_priv.0
                0x0000000008000d80       0x34 /tmp/ch.elf.PrlmSi.ltrans0.ltrans.o
                0x0000000008000d80                get_descriptor.lto_priv.0
 *fill*         0x0000000008000db4        0xc 
 .text.sof_handler.lto_priv.0
                0x0000000008000dc0       0x90 /tmp/ch.elf.PrlmSi.ltrans0.ltrans.o
                0x0000000008000dc0                sof_handler.lto_priv.0
 .text.test_stream_putchar
                0x0000000008000e50       0x18 /tmp/ch.elf.PrlmSi.ltrans0.ltrans.o
 *fill*         0x0000000008000e68        0x8 
 .text.rt_test_002_001_execute
                0x0000000008000e70      0x11c /tmp/ch.elf.PrlmSi.ltrans0.ltrans.o
 *fill*         0x0000000008000f8c        0x4 
 .text.rt_test_002_003_execute
                0x0000000008000f90       0x24 /tmp/ch.elf.PrlmSi.ltrans0.ltrans.o
 *fill*         0x0000000008000fb4        0xc 
 .text.rt_test_003_001_execute
                0x0000000008000fc0       0x1c /tmp/ch.elf.PrlmSi.ltrans0.ltrans.o
 *fill*         0x0000000008000fdc        0x4 
 .text.rt_test_003_002_execute
                0x0000000008000fe0        0xc /tmp/ch.elf.PrlmSi.ltrans0.ltrans.o
 *fill*         0x0000000008000fec        0x4 
 .text.thread   0x0000000008000ff0       0x1c /tmp/ch.elf.PrlmSi.ltrans0.ltrans.o
 *fill*         0x000000000800100c        0x4 
 .text.rt_test_006_001_setup
                0x0000000008001010        0xc /tmp/ch.elf.PrlmSi.ltrans0.ltrans.o
 *fill*         0x000000000800101c        0x4 
 .text.rt_test_007_001_setup
                0x0000000008001020       0x10 /tmp/ch.elf.PrlmSi.ltrans0.ltrans.o
 .text.rt_test_007_005_setup
                0x0000000008001030       0x10 /tmp/ch.elf.PrlmSi.ltrans0.ltrans.o
 .text.rt_test_007_002_setup
                0x0000000008001040       0x10 /tmp/ch.elf.PrlmSi.ltrans0.ltrans.o
 .text.rt_test_007_003_setup
                0x0000000008001050       0x10 /tmp/ch.elf.PrlmSi.ltrans0.ltrans.o
 .text.rt_test_007_004_setup
                0x0000000008001060       0x10 /tmp/ch.elf.PrlmSi.ltrans0.ltrans.o
 .text.rt_test_008_005_setup
                0x0000000008001070       0x10 /tmp/ch.elf.PrlmSi.ltrans0.ltrans.o
 .text.rt_test_008_001_setup
                0x0000000008001080       0x10 /tmp/ch.elf.PrlmSi.ltrans0.ltrans.o
 .text.rt_test_008_004_setup
                0x0000000008001090       0x1c /tmp/ch.elf.PrlmSi.ltrans0.ltrans.o
 *fill*         0x00000000080010ac        0x4 
 .text.rt_test_008_008_setup
                0x00000000080010b0       0x1c /tmp/ch.elf.PrlmSi.ltrans0.ltrans.o
 *fill*         0x00000000080010cc        0x4 
 .text.rt_test_008_007_setup
                0x00000000080010d0       0x1c /tmp/ch.elf.PrlmSi.ltrans0.ltrans.o
 *fill*         0x00000000080010ec        0x4 
 .text.rt_test_008_009_setup
                0x00000000080010f0       0x28 /tmp/ch.elf.PrlmSi.ltrans0.ltrans.o
 *fill*         0x0000000008001118        0x8 
 .text.h1       0x0000000008001120       0x1c /tmp/ch.elf.PrlmSi.ltrans0.ltrans.o
 *fill*         0x000000000800113c        0x4 
 .text.h2       0x0000000008001140       0x1c /tmp/ch.elf.PrlmSi.ltrans0.ltrans.o
 *fill*         0x000000000800115c        0x4 
 .text.h3       0x0000000008001160       0x1c /tmp/ch.elf.PrlmSi.ltrans0.ltrans.o
 *fill*         0x000000000800117c        0x4 
 .text.rt_test_010_001_execute
                0x0000000008001180       0xfc /tmp/ch.elf.PrlmSi.ltrans0.ltrans.o
 *fill*         0x000000000800127c        0x4 
 .text.rt_test_010_002_setup
                0x0000000008001280       0x18 /tmp/ch.elf.PrlmSi.ltrans0.ltrans.o
 *fill*         0x0000000008001298        0x8 
 .text.rt_test_010_003_setup
                0x00000000080012a0       0x18 /tmp/ch.elf.PrlmSi.ltrans0.ltrans.o
 *fill*         0x00000000080012b8        0x8 
 .text.rt_test_010_004_setup
                0x00000000080012c0       0x18 /tmp/ch.elf.PrlmSi.ltrans0.ltrans.o
 *fill*         0x00000000080012d8        0x8 
 .text.rt_test_010_005_setup
                0x00000000080012e0       0x18 /tmp/ch.elf.PrlmSi.ltrans0.ltrans.o
 *fill*         0x00000000080012f8        0x8 
 .text.rt_test_010_006_setup
                0x0000000008001300       0x18 /tmp/ch.elf.PrlmSi.ltrans0.ltrans.o
 *fill*         0x0000000008001318        0x8 
 .text.rt_test_010_007_setup
                0x0000000008001320       0x28 /tmp/ch.elf.PrlmSi.ltrans0.ltrans.o
 *fill*         0x0000000008001348        0x8 
 .text.dyn_thread1
                0x0000000008001350       0x1c /tmp/ch.elf.PrlmSi.ltrans0.ltrans.o
                0x0000000008001350                dyn_thread1.lto_priv.0
 *fill*         0x000000000800136c        0x4 
 .text.rt_test_011_001_setup
                0x0000000008001370       0x3c /tmp/ch.elf.PrlmSi.ltrans0.ltrans.o
 *fill*         0x00000000080013ac        0x4 
 .text.rt_test_011_002_setup
                0x00000000080013b0       0x18 /tmp/ch.elf.PrlmSi.ltrans0.ltrans.o
 *fill*         0x00000000080013c8        0x8 
 .text.tmo.lto_priv.0
                0x00000000080013d0        0x4 /tmp/ch.elf.PrlmSi.ltrans0.ltrans.o
                0x00000000080013d0                tmo.lto_priv.0
 *fill*         0x00000000080013d4        0xc 
 .text.__sch_wakeup.lto_priv.0
                0x00000000080013e0       0x70 /tmp/ch.elf.PrlmSi.ltrans0.ltrans.o
                0x00000000080013e0                __sch_wakeup.lto_priv.0
 .text.chMtxUnlockS
                0x0000000008001450       0x68 /tmp/ch.elf.PrlmSi.ltrans0.ltrans.o
 *fill*         0x00000000080014b8        0x8 
 .text.sdc_lld_wait_transaction_end
                0x00000000080014c0       0xbc /tmp/ch.elf.PrlmSi.ltrans0.ltrans.o
 *fill*         0x000000000800157c        0x4 
 .text.chThdYield
                0x0000000008001580       0x50 /tmp/ch.elf.PrlmSi.ltrans0.ltrans.o
 .text.chMsgSend
                0x00000000080015d0       0x70 /tmp/ch.elf.PrlmSi.ltrans0.ltrans.o
 .text.msg_thread1
                0x0000000008001640       0x28 /tmp/ch.elf.PrlmSi.ltrans0.ltrans.o
 *fill*         0x0000000008001668        0x8 
 .text.thread1.lto_priv.1
                0x0000000008001670       0x70 /tmp/ch.elf.PrlmSi.ltrans0.ltrans.o
 .text.bmk_thread3.lto_priv.0
                0x00000000080016e0       0x88 /tmp/ch.elf.PrlmSi.ltrans0.ltrans.o
                0x00000000080016e0                bmk_thread3.lto_priv.0
 *fill*         0x0000000008001768        0x8 
 .text.bmk_thread4.lto_priv.0
                0x0000000008001770       0x3c /tmp/ch.elf.PrlmSi.ltrans0.ltrans.o
                0x0000000008001770                bmk_thread4.lto_priv.0
 *fill*         0x00000000080017ac        0x4 
 .text.bmk_thread7.lto_priv.0
                0x00000000080017b0       0x6c /tmp/ch.elf.PrlmSi.ltrans0.ltrans.o
                0x00000000080017b0                bmk_thread7.lto_priv.0
 *fill*         0x000000000800181c        0x4 
 .text.bmk_thread8.lto_priv.0
                0x0000000008001820       0x74 /tmp/ch.elf.PrlmSi.ltrans0.ltrans.o
                0x0000000008001820                bmk_thread8.lto_priv.0
 *fill*         0x0000000008001894        0xc 
 .text.parse_arguments
                0x00000000080018a0       0x54 /tmp/ch.elf.PrlmSi.ltrans0.ltrans.o
 *fill*         0x00000000080018f4        0xc 
 .text.test_rt  0x0000000008001900       0x1c /tmp/ch.elf.PrlmSi.ltrans0.ltrans.o
 *fill*         0x000000000800191c        0x4 
 .text.test_oslib
                0x0000000008001920       0x1c /tmp/ch.elf.PrlmSi.ltrans0.ltrans.o
 *fill*         0x000000000800193c        0x4 
 .text.rt_test_007_001_teardown
                0x0000000008001940        0xc /tmp/ch.elf.PrlmSi.ltrans0.ltrans.o
 *fill*         0x000000000800194c        0x4 
 .text.__cpu_init
                0x0000000008001950        0x4 /tmp/ch.elf.PrlmSi.ltrans0.ltrans.o
                0x0000000008001950                __cpu_init
 *fill*         0x0000000008001954        0xc 
 .text.__late_init
                0x0000000008001960        0x4 /tmp/ch.elf.PrlmSi.ltrans0.ltrans.o
                0x0000000008001960                __late_init
 *fill*         0x0000000008001964        0xc 
 .text.__default_exit
                0x0000000008001970        0x4 /tmp/ch.elf.PrlmSi.ltrans0.ltrans.o
                0x0000000008001970                __default_exit
 *fill*         0x0000000008001974        0xc 
 .text.__init_ram_areas
                0x0000000008001980       0x6c /tmp/ch.elf.PrlmSi.ltrans0.ltrans.o
                0x0000000008001980                __init_ram_areas
 *fill*         0x00000000080019ec        0x4 
 .text.sdc_lld_sync
                0x00000000080019f0        0x4 /tmp/ch.elf.PrlmSi.ltrans0.ltrans.o
                0x00000000080019f0                sdc_lld_sync
                0x00000000080019f0                sdc_lld_is_write_protected
 *fill*         0x00000000080019f4        0xc 
 .text.usbStartReceiveI
                0x0000000008001a00       0x5c /tmp/ch.elf.PrlmSi.ltrans0.ltrans.o
                0x0000000008001a00                usbStartReceiveI
 *fill*         0x0000000008001a5c        0x4 
 .text.ibnotify.lto_priv.0
                0x0000000008001a60       0x50 /tmp/ch.elf.PrlmSi.ltrans0.ltrans.o
                0x0000000008001a60                ibnotify.lto_priv.0
 .text._usb_ep0setup
                0x0000000008001ab0      0x3f4 /tmp/ch.elf.PrlmSi.ltrans0.ltrans.o
                0x0000000008001ab0                _usb_ep0setup
 *fill*         0x0000000008001ea4        0xc 
 .text._usb_ep0in
                0x0000000008001eb0       0xc8 /tmp/ch.elf.PrlmSi.ltrans0.ltrans.o
                0x0000000008001eb0                _usb_ep0in
 *fill*         0x0000000008001f78        0x8 
 .text.Vector6C
                0x0000000008001f80       0x70 /tmp/ch.elf.PrlmSi.ltrans0.ltrans.o
                0x0000000008001f80                Vector6C
 .text.Vector70
                0x0000000008001ff0       0x74 /tmp/ch.elf.PrlmSi.ltrans0.ltrans.o
                0x0000000008001ff0                Vector70
 *fill*         0x0000000008002064        0xc 
 .text.Vector74
                0x0000000008002070       0x74 /tmp/ch.elf.PrlmSi.ltrans0.ltrans.o
                0x0000000008002070                Vector74
 *fill*         0x00000000080020e4        0xc 
 .text.Vector78
                0x00000000080020f0       0x74 /tmp/ch.elf.PrlmSi.ltrans0.ltrans.o
                0x00000000080020f0                Vector78
 *fill*         0x0000000008002164        0xc 
 .text.Vector7C
                0x0000000008002170       0x74 /tmp/ch.elf.PrlmSi.ltrans0.ltrans.o
                0x0000000008002170                Vector7C
 *fill*         0x00000000080021e4        0xc 
 .text.Vector80
                0x00000000080021f0       0x74 /tmp/ch.elf.PrlmSi.ltrans0.ltrans.o
                0x00000000080021f0                Vector80
 *fill*         0x0000000008002264        0xc 
 .text.Vector84
                0x0000000008002270       0x78 /tmp/ch.elf.PrlmSi.ltrans0.ltrans.o
                0x0000000008002270                Vector84
 *fill*         0x00000000080022e8        0x8 
 .text.Vector120
                0x00000000080022f0       0x70 /tmp/ch.elf.PrlmSi.ltrans0.ltrans.o
                0x00000000080022f0                Vector120
 .text.Vector124
                0x0000000008002360       0x74 /tmp/ch.elf.PrlmSi.ltrans0.ltrans.o
                0x0000000008002360                Vector124
 *fill*         0x00000000080023d4        0xc 
 .text.Vector128
                0x00000000080023e0       0x74 /tmp/ch.elf.PrlmSi.ltrans0.ltrans.o
                0x00000000080023e0                Vector128
 *fill*         0x0000000008002454        0xc 
 .text.Vector12C
                0x0000000008002460       0x74 /tmp/ch.elf.PrlmSi.ltrans0.ltrans.o
                0x0000000008002460                Vector12C
 *fill*         0x00000000080024d4        0xc 
 .text.Vector130
                0x00000000080024e0       0x74 /tmp/ch.elf.PrlmSi.ltrans0.ltrans.o
                0x00000000080024e0                Vector130
 *fill*         0x0000000008002554        0xc 
 .text.Vector104
                0x0000000008002560       0x90 /tmp/ch.elf.PrlmSi.ltrans0.ltrans.o
                0x0000000008002560                Vector104
 .text.VectorB0
                0x00000000080025f0      0x188 /tmp/ch.elf.PrlmSi.ltrans0.ltrans.o
                0x00000000080025f0                VectorB0
 *fill*         0x0000000008002778        0x8 
 .text.usb_lld_init_endpoint
                0x0000000008002780       0xb8 /tmp/ch.elf.PrlmSi.ltrans0.ltrans.o
                0x0000000008002780                usb_lld_init_endpoint
 *fill*         0x0000000008002838        0x8 
 .text.Vector90
                0x0000000008002840      0x368 /tmp/ch.elf.PrlmSi.ltrans0.ltrans.o
                0x0000000008002840                Vector90
 *fill*         0x0000000008002ba8        0x8 
 .text.__early_init
                0x0000000008002bb0       0x7c /tmp/ch.elf.PrlmSi.ltrans0.ltrans.o
                0x0000000008002bb0                __early_init
 *fill*         0x0000000008002c2c        0x4 
 .text.chVTDoResetI
                0x0000000008002c30       0xac /tmp/ch.elf.PrlmSi.ltrans0.ltrans.o
                0x0000000008002c30                chVTDoResetI
 *fill*         0x0000000008002cdc        0x4 
 .text.chSchGoSleepTimeoutS
                0x0000000008002ce0       0x70 /tmp/ch.elf.PrlmSi.ltrans0.ltrans.o
                0x0000000008002ce0                chSchGoSleepTimeoutS
 .text.obqPutTimeout
                0x0000000008002d50       0xa4 /tmp/ch.elf.PrlmSi.ltrans0.ltrans.o
 *fill*         0x0000000008002df4        0xc 
 .text._put.lto_priv.0
                0x0000000008002e00        0xc /tmp/ch.elf.PrlmSi.ltrans0.ltrans.o
                0x0000000008002e00                _put.lto_priv.0
 *fill*         0x0000000008002e0c        0x4 
 .text._putt.lto_priv.0
                0x0000000008002e10        0x8 /tmp/ch.elf.PrlmSi.ltrans0.ltrans.o
                0x0000000008002e10                _putt.lto_priv.0
 *fill*         0x0000000008002e18        0x8 
 .text.ibqGetTimeout
                0x0000000008002e20       0xa4 /tmp/ch.elf.PrlmSi.ltrans0.ltrans.o
 *fill*         0x0000000008002ec4        0xc 
 .text._get.lto_priv.0
                0x0000000008002ed0        0xc /tmp/ch.elf.PrlmSi.ltrans0.ltrans.o
                0x0000000008002ed0                _get.lto_priv.0
 *fill*         0x0000000008002edc        0x4 
 .text._gett.lto_priv.0
                0x0000000008002ee0        0x8 /tmp/ch.elf.PrlmSi.ltrans0.ltrans.o
                0x0000000008002ee0                _gett.lto_priv.0
 *fill*         0x0000000008002ee8        0x8 
 .text.ibqReadTimeout
                0x0000000008002ef0      0x134 /tmp/ch.elf.PrlmSi.ltrans0.ltrans.o
 *fill*         0x0000000008003024        0xc 
 .text._read.lto_priv.0
                0x0000000008003030        0xc /tmp/ch.elf.PrlmSi.ltrans0.ltrans.o
                0x0000000008003030                _read.lto_priv.0
 *fill*         0x000000000800303c        0x4 
 .text._readt.lto_priv.0
                0x0000000008003040        0x8 /tmp/ch.elf.PrlmSi.ltrans0.ltrans.o
                0x0000000008003040                _readt.lto_priv.0
 *fill*         0x0000000008003048        0x8 
 .text.obqWriteTimeout
                0x0000000008003050      0x10c /tmp/ch.elf.PrlmSi.ltrans0.ltrans.o
 *fill*         0x000000000800315c        0x4 
 .text._write.lto_priv.0
                0x0000000008003160        0xc /tmp/ch.elf.PrlmSi.ltrans0.ltrans.o
                0x0000000008003160                _write.lto_priv.0
 *fill*         0x000000000800316c        0x4 
 .text._writet.lto_priv.0
                0x0000000008003170        0x8 /tmp/ch.elf.PrlmSi.ltrans0.ltrans.o
                0x0000000008003170                _writet.lto_priv.0
 *fill*         0x0000000008003178        0x8 
 .text._sdc_wait_for_transfer_state
                0x0000000008003180       0x6c /tmp/ch.elf.PrlmSi.ltrans0.ltrans.o
                0x0000000008003180                _sdc_wait_for_transfer_state
 *fill*         0x00000000080031ec        0x4 
 .text.sdcDisconnect
                0x00000000080031f0       0x3c /tmp/ch.elf.PrlmSi.ltrans0.ltrans.o
                0x00000000080031f0                sdcDisconnect
 *fill*         0x000000000800322c        0x4 
 .text.sdc_lld_read_special
                0x0000000008003230       0xfc /tmp/ch.elf.PrlmSi.ltrans0.ltrans.o
 *fill*         0x000000000800332c        0x4 
 .text.sdc_lld_read_aligned
                0x0000000008003330       0xec /tmp/ch.elf.PrlmSi.ltrans0.ltrans.o
 *fill*         0x000000000800341c        0x4 
 .text.sdcRead  0x0000000008003420       0x78 /tmp/ch.elf.PrlmSi.ltrans0.ltrans.o
                0x0000000008003420                sdcRead
 *fill*         0x0000000008003498        0x8 
 .text.sdc_lld_write_aligned
                0x00000000080034a0       0xfc /tmp/ch.elf.PrlmSi.ltrans0.ltrans.o
 *fill*         0x000000000800359c        0x4 
 .text.sdcWrite
                0x00000000080035a0       0x78 /tmp/ch.elf.PrlmSi.ltrans0.ltrans.o
                0x00000000080035a0                sdcWrite
 *fill*         0x0000000008003618        0x8 
 .text.rt_test_004_001_execute
                0x0000000008003620       0xa8 /tmp/ch.elf.PrlmSi.ltrans0.ltrans.o
 *fill*         0x00000000080036c8        0x8 
 .text.rt_test_005_001_execute
                0x00000000080036d0       0xf0 /tmp/ch.elf.PrlmSi.ltrans0.ltrans.o
 .text.rt_test_010_006_execute
                0x00000000080037c0       0xf0 /tmp/ch.elf.PrlmSi.ltrans0.ltrans.o
 .text.msg_loop_test
                0x00000000080038b0       0xb8 /tmp/ch.elf.PrlmSi.ltrans0.ltrans.o
 *fill*         0x0000000008003968        0x8 
 .text.sdcConnect
                0x0000000008003970      0x4e4 /tmp/ch.elf.PrlmSi.ltrans0.ltrans.o
                0x0000000008003970                sdcConnect
 *fill*         0x0000000008003e54        0xc 
 .text.__sch_reschedule_ahead.lto_priv.0
                0x0000000008003e60       0x40 /tmp/ch.elf.PrlmSi.ltrans0.ltrans.o
                0x0000000008003e60                chSchDoPreemption
                0x0000000008003e60                __sch_reschedule_ahead.lto_priv.0
 .text.vtcb     0x0000000008003ea0       0x50 /tmp/ch.elf.PrlmSi.ltrans0.ltrans.o
 .text.rt_test_002_002_execute
                0x0000000008003ef0      0x134 /tmp/ch.elf.PrlmSi.ltrans0.ltrans.o
 *fill*         0x0000000008004024        0xc 
 .text.rt_test_005_003_execute
                0x0000000008004030       0xbc /tmp/ch.elf.PrlmSi.ltrans0.ltrans.o
 *fill*         0x00000000080040ec        0x4 
 .text.rt_test_005_004_execute
                0x00000000080040f0      0x108 /tmp/ch.elf.PrlmSi.ltrans0.ltrans.o
 *fill*         0x00000000080041f8        0x8 
 .text.thread1.lto_priv.0
                0x0000000008004200       0x6c /tmp/ch.elf.PrlmSi.ltrans0.ltrans.o
 *fill*         0x000000000800426c        0x4 
 .text.thread2  0x0000000008004270       0x70 /tmp/ch.elf.PrlmSi.ltrans0.ltrans.o
 .text.evt_thread3
                0x00000000080042e0       0x80 /tmp/ch.elf.PrlmSi.ltrans0.ltrans.o
 .text.chSchWakeupS
                0x0000000008004360       0x5c /tmp/ch.elf.PrlmSi.ltrans0.ltrans.o
                0x0000000008004360                chSchWakeupS
 *fill*         0x00000000080043bc        0x4 
 .text.rt_test_007_001_execute
                0x00000000080043c0      0x110 /tmp/ch.elf.PrlmSi.ltrans0.ltrans.o
 .text.thread3  0x00000000080044d0       0x7c /tmp/ch.elf.PrlmSi.ltrans0.ltrans.o
 *fill*         0x000000000800454c        0x4 
 .text.bmk_thread1
                0x0000000008004550       0x6c /tmp/ch.elf.PrlmSi.ltrans0.ltrans.o
 *fill*         0x00000000080045bc        0x4 
 .text.chThdCreateSuspendedI
                0x00000000080045c0       0x8c /tmp/ch.elf.PrlmSi.ltrans0.ltrans.o
                0x00000000080045c0                chThdCreateSuspendedI
 *fill*         0x000000000800464c        0x4 
 .text.chThdCreateStatic
                0x0000000008004650       0x8c /tmp/ch.elf.PrlmSi.ltrans0.ltrans.o
                0x0000000008004650                chThdCreateStatic
 *fill*         0x00000000080046dc        0x4 
 .text.rt_test_007_005_execute
                0x00000000080046e0       0x88 /tmp/ch.elf.PrlmSi.ltrans0.ltrans.o
 *fill*         0x0000000008004768        0x8 
 .text.chThdExit
                0x0000000008004770       0x88 /tmp/ch.elf.PrlmSi.ltrans0.ltrans.o
                0x0000000008004770                chThdExit
 *fill*         0x00000000080047f8        0x8 
 .text.chThdExitS
                0x0000000008004800       0x80 /tmp/ch.elf.PrlmSi.ltrans0.ltrans.o
                0x0000000008004800                chThdExitS
 .text.chTMStartMeasurementX
                0x0000000008004880        0xc /tmp/ch.elf.PrlmSi.ltrans0.ltrans.o
                0x0000000008004880                chTMStartMeasurementX
 *fill*         0x000000000800488c        0x4 
 .text.chTMStopMeasurementX
                0x0000000008004890       0x44 /tmp/ch.elf.PrlmSi.ltrans0.ltrans.o
                0x0000000008004890                chTMStopMeasurementX
 *fill*         0x00000000080048d4        0xc 
 .text.chSemSignalI
                0x00000000080048e0       0x38 /tmp/ch.elf.PrlmSi.ltrans0.ltrans.o
                0x00000000080048e0                chSemSignalI
 *fill*         0x0000000008004918        0x8 
 .text.thread4  0x0000000008004920       0x34 /tmp/ch.elf.PrlmSi.ltrans0.ltrans.o
 *fill*         0x0000000008004954        0xc 
 .text.rt_test_007_006_execute
                0x0000000008004960      0x214 /tmp/ch.elf.PrlmSi.ltrans0.ltrans.o
 *fill*         0x0000000008004b74        0xc 
 .text.chMtxLockS
                0x0000000008004b80       0xe0 /tmp/ch.elf.PrlmSi.ltrans0.ltrans.o
                0x0000000008004b80                chMtxLockS
 .text.thread4B
                0x0000000008004c60       0x4c /tmp/ch.elf.PrlmSi.ltrans0.ltrans.o
 *fill*         0x0000000008004cac        0x4 
 .text.chMtxUnlock
                0x0000000008004cb0       0x84 /tmp/ch.elf.PrlmSi.ltrans0.ltrans.o
                0x0000000008004cb0                chMtxUnlock
 *fill*         0x0000000008004d34        0xc 
 .text.thread1.lto_priv.2
                0x0000000008004d40       0x3c /tmp/ch.elf.PrlmSi.ltrans0.ltrans.o
 *fill*         0x0000000008004d7c        0x4 
 .text.thread4A
                0x0000000008004d80       0x74 /tmp/ch.elf.PrlmSi.ltrans0.ltrans.o
 *fill*         0x0000000008004df4        0xc 
 .text.thread6  0x0000000008004e00       0xa0 /tmp/ch.elf.PrlmSi.ltrans0.ltrans.o
 .text.thread8  0x0000000008004ea0       0xc0 /tmp/ch.elf.PrlmSi.ltrans0.ltrans.o
 .text.thread9  0x0000000008004f60       0x3c /tmp/ch.elf.PrlmSi.ltrans0.ltrans.o
 *fill*         0x0000000008004f9c        0x4 
 .text.rt_test_008_004_execute
                0x0000000008004fa0      0x11c /tmp/ch.elf.PrlmSi.ltrans0.ltrans.o
 *fill*         0x00000000080050bc        0x4 
 .text.rt_test_008_005_execute
                0x00000000080050c0      0x190 /tmp/ch.elf.PrlmSi.ltrans0.ltrans.o
 .text.chEvtBroadcastFlagsI
                0x0000000008005250       0x74 /tmp/ch.elf.PrlmSi.ltrans0.ltrans.o
                0x0000000008005250                chEvtBroadcastFlagsI
 *fill*         0x00000000080052c4        0xc 
 .text.sduDataTransmitted
                0x00000000080052d0       0xc8 /tmp/ch.elf.PrlmSi.ltrans0.ltrans.o
 *fill*         0x0000000008005398        0x8 
 .text.sduDataReceived
                0x00000000080053a0       0x88 /tmp/ch.elf.PrlmSi.ltrans0.ltrans.o
 *fill*         0x0000000008005428        0x8 
 .text.usb_event.lto_priv.0
                0x0000000008005430      0x1d4 /tmp/ch.elf.PrlmSi.ltrans0.ltrans.o
                0x0000000008005430                usb_event.lto_priv.0
 *fill*         0x0000000008005604        0xc 
 .text.evt_thread7
                0x0000000008005610       0x6c /tmp/ch.elf.PrlmSi.ltrans0.ltrans.o
 *fill*         0x000000000800567c        0x4 
 .text.chMBPostTimeout
                0x0000000008005680       0xc8 /tmp/ch.elf.PrlmSi.ltrans0.ltrans.o
                0x0000000008005680                chMBPostTimeout
 *fill*         0x0000000008005748        0x8 
 .text.chMBFetchTimeoutS
                0x0000000008005750       0xa4 /tmp/ch.elf.PrlmSi.ltrans0.ltrans.o
                0x0000000008005750                chMBFetchTimeoutS
 *fill*         0x00000000080057f4        0xc 
 .text.chHeapAllocAligned
                0x0000000008005800       0xf0 /tmp/ch.elf.PrlmSi.ltrans0.ltrans.o
                0x0000000008005800                chHeapAllocAligned
 .text.chThdCreateFromHeap
                0x00000000080058f0       0x4c /tmp/ch.elf.PrlmSi.ltrans0.ltrans.o
                0x00000000080058f0                chThdCreateFromHeap
 *fill*         0x000000000800593c        0x4 
 .text.chHeapFree
                0x0000000008005940       0xa0 /tmp/ch.elf.PrlmSi.ltrans0.ltrans.o
                0x0000000008005940                chHeapFree
 .text.chThdRelease.part.0
                0x00000000080059e0       0x3c /tmp/ch.elf.PrlmSi.ltrans0.ltrans.o
                0x00000000080059e0                chThdRelease.part.0
 *fill*         0x0000000008005a1c        0x4 
 .text.chThdWait
                0x0000000008005a20       0x74 /tmp/ch.elf.PrlmSi.ltrans0.ltrans.o
                0x0000000008005a20                chThdWait
 *fill*         0x0000000008005a94        0xc 
 .text.rt_test_006_001_execute
                0x0000000008005aa0      0x114 /tmp/ch.elf.PrlmSi.ltrans0.ltrans.o
 *fill*         0x0000000008005bb4        0xc 
 .text.rt_test_007_005_teardown
                0x0000000008005bc0       0x24 /tmp/ch.elf.PrlmSi.ltrans0.ltrans.o
 *fill*         0x0000000008005be4        0xc 
 .text.rt_test_007_006_teardown
                0x0000000008005bf0       0x24 /tmp/ch.elf.PrlmSi.ltrans0.ltrans.o
 *fill*         0x0000000008005c14        0xc 
 .text.rt_test_008_004_teardown
                0x0000000008005c20       0x24 /tmp/ch.elf.PrlmSi.ltrans0.ltrans.o
 *fill*         0x0000000008005c44        0xc 
 .text.rt_test_010_007_execute
                0x0000000008005c50      0x1f4 /tmp/ch.elf.PrlmSi.ltrans0.ltrans.o
 *fill*         0x0000000008005e44        0xc 
 .text.chHeapStatus
                0x0000000008005e50       0x68 /tmp/ch.elf.PrlmSi.ltrans0.ltrans.o
                0x0000000008005e50                chHeapStatus
 *fill*         0x0000000008005eb8        0x8 
 .text.chGuardedPoolAllocTimeout
                0x0000000008005ec0       0x68 /tmp/ch.elf.PrlmSi.ltrans0.ltrans.o
                0x0000000008005ec0                chGuardedPoolAllocTimeout
 *fill*         0x0000000008005f28        0x8 
 .text.chDelegateCallVeneer
                0x0000000008005f30       0x24 /tmp/ch.elf.PrlmSi.ltrans0.ltrans.o
                0x0000000008005f30                chDelegateCallVeneer
 *fill*         0x0000000008005f54        0xc 
 .text.dyn_create_object_heap.lto_priv.0
                0x0000000008005f60       0x64 /tmp/ch.elf.PrlmSi.ltrans0.ltrans.o
                0x0000000008005f60                dyn_create_object_heap.lto_priv.0
 *fill*         0x0000000008005fc4        0xc 
 .text.SVC_Handler
                0x0000000008005fd0       0x14 /tmp/ch.elf.PrlmSi.ltrans0.ltrans.o
                0x0000000008005fd0                SVC_Handler
 *fill*         0x0000000008005fe4        0xc 
 .text.chprintf
                0x0000000008005ff0      0x440 /tmp/ch.elf.PrlmSi.ltrans0.ltrans.o
                0x0000000008005ff0                chprintf
 .text.shellThread
                0x0000000008006430      0x254 /tmp/ch.elf.PrlmSi.ltrans0.ltrans.o
                0x0000000008006430                shellThread
 *fill*         0x0000000008006684        0xc 
 .text.cmd_exit
                0x0000000008006690       0x34 /tmp/ch.elf.PrlmSi.ltrans0.ltrans.o
 *fill*         0x00000000080066c4        0xc 
 .text.cmd_info
                0x00000000080066d0       0xbc /tmp/ch.elf.PrlmSi.ltrans0.ltrans.o
 *fill*         0x000000000800678c        0x4 
 .text.cmd_echo
                0x0000000008006790       0x20 /tmp/ch.elf.PrlmSi.ltrans0.ltrans.o
 .text.cmd_systime
                0x00000000080067b0       0x28 /tmp/ch.elf.PrlmSi.ltrans0.ltrans.o
 *fill*         0x00000000080067d8        0x8 
 .text.cmd_mem  0x00000000080067e0       0xa8 /tmp/ch.elf.PrlmSi.ltrans0.ltrans.o
 *fill*         0x0000000008006888        0x8 
 .text.cmd_threads
                0x0000000008006890       0xe8 /tmp/ch.elf.PrlmSi.ltrans0.ltrans.o
 *fill*         0x0000000008006978        0x8 
 .text.cmd_test
                0x0000000008006980       0x8c /tmp/ch.elf.PrlmSi.ltrans0.ltrans.o
 *fill*         0x0000000008006a0c        0x4 
 .text.put_utf.lto_priv.0
                0x0000000008006a10       0x54 /tmp/ch.elf.PrlmSi.ltrans0.ltrans.o
                0x0000000008006a10                put_utf.lto_priv.0
 *fill*         0x0000000008006a64        0xc 
 .text.get_ldnumber.lto_priv.0
                0x0000000008006a70       0x34 /tmp/ch.elf.PrlmSi.ltrans0.ltrans.o
                0x0000000008006a70                get_ldnumber.lto_priv.0
 *fill*         0x0000000008006aa4        0xc 
 .text.move_window.part.0.lto_priv.0
                0x0000000008006ab0       0x98 /tmp/ch.elf.PrlmSi.ltrans0.ltrans.o
                0x0000000008006ab0                move_window.part.0.lto_priv.0
 *fill*         0x0000000008006b48        0x8 
 .text.get_fat.lto_priv.0
                0x0000000008006b50      0x140 /tmp/ch.elf.PrlmSi.ltrans0.ltrans.o
                0x0000000008006b50                get_fat.lto_priv.0
 .text.check_fs.lto_priv.0
                0x0000000008006c90       0xf4 /tmp/ch.elf.PrlmSi.ltrans0.ltrans.o
                0x0000000008006c90                check_fs.lto_priv.0
 *fill*         0x0000000008006d84        0xc 
 .text.ff_wtoupper.part.0
                0x0000000008006d90       0xb4 /tmp/ch.elf.PrlmSi.ltrans0.ltrans.o
                0x0000000008006d90                ff_wtoupper.part.0
 *fill*         0x0000000008006e44        0xc 
 .text.__test_assert
                0x0000000008006e50       0x18 /tmp/ch.elf.PrlmSi.ltrans0.ltrans.o
                0x0000000008006e50                __test_assert
 *fill*         0x0000000008006e68        0x8 
 .text.__test_assert_sequence
                0x0000000008006e70       0x3c /tmp/ch.elf.PrlmSi.ltrans0.ltrans.o
                0x0000000008006e70                __test_assert_sequence
 *fill*         0x0000000008006eac        0x4 
 .text.rt_test_005_002_execute
                0x0000000008006eb0      0x24c /tmp/ch.elf.PrlmSi.ltrans0.ltrans.o
 *fill*         0x00000000080070fc        0x4 
 .text.rt_test_007_002_execute
                0x0000000008007100      0x1b4 /tmp/ch.elf.PrlmSi.ltrans0.ltrans.o
 *fill*         0x00000000080072b4        0xc 
 .text.rt_test_007_004_execute
                0x00000000080072c0      0x100 /tmp/ch.elf.PrlmSi.ltrans0.ltrans.o
 .text.rt_test_008_001_execute
                0x00000000080073c0      0x130 /tmp/ch.elf.PrlmSi.ltrans0.ltrans.o
 .text.rt_test_008_007_execute
                0x00000000080074f0      0x1e4 /tmp/ch.elf.PrlmSi.ltrans0.ltrans.o
 *fill*         0x00000000080076d4        0xc 
 .text.rt_test_008_008_execute
                0x00000000080076e0      0x150 /tmp/ch.elf.PrlmSi.ltrans0.ltrans.o
 .text.rt_test_008_009_execute
                0x0000000008007830      0x108 /tmp/ch.elf.PrlmSi.ltrans0.ltrans.o
 *fill*         0x0000000008007938        0x8 
 .text.rt_test_009_001_execute
                0x0000000008007940       0xe8 /tmp/ch.elf.PrlmSi.ltrans0.ltrans.o
 *fill*         0x0000000008007a28        0x8 
 .text.rt_test_010_002_execute
                0x0000000008007a30       0x4c /tmp/ch.elf.PrlmSi.ltrans0.ltrans.o
 *fill*         0x0000000008007a7c        0x4 
 .text.rt_test_011_001_execute
                0x0000000008007a80      0x210 /tmp/ch.elf.PrlmSi.ltrans0.ltrans.o
 .text.rt_test_011_002_execute
                0x0000000008007c90      0x1b0 /tmp/ch.elf.PrlmSi.ltrans0.ltrans.o
 .text.test_printf
                0x0000000008007e40      0x450 /tmp/ch.elf.PrlmSi.ltrans0.ltrans.o
                0x0000000008007e40                test_printf
 .text.rt_test_001_001_execute.lto_priv.0
                0x0000000008008290       0xdc /tmp/ch.elf.PrlmSi.ltrans0.ltrans.o
                0x0000000008008290                rt_test_001_001_execute.lto_priv.0
 *fill*         0x000000000800836c        0x4 
 .text.rt_test_001_002_execute
                0x0000000008008370       0xc4 /tmp/ch.elf.PrlmSi.ltrans0.ltrans.o
 *fill*         0x0000000008008434        0xc 
 .text.rt_test_001_003_execute
                0x0000000008008440      0x3b0 /tmp/ch.elf.PrlmSi.ltrans0.ltrans.o
 .text.rt_test_012_001_execute
                0x00000000080087f0       0xb0 /tmp/ch.elf.PrlmSi.ltrans0.ltrans.o
 .text.rt_test_012_002_execute
                0x00000000080088a0       0xb0 /tmp/ch.elf.PrlmSi.ltrans0.ltrans.o
 .text.rt_test_012_003_execute
                0x0000000008008950      0x128 /tmp/ch.elf.PrlmSi.ltrans0.ltrans.o
 *fill*         0x0000000008008a78        0x8 
 .text.test_wait_tick
                0x0000000008008a80       0x6c /tmp/ch.elf.PrlmSi.ltrans0.ltrans.o
                0x0000000008008a80                test_wait_tick
 *fill*         0x0000000008008aec        0x4 
 .text.rt_test_007_003_execute
                0x0000000008008af0      0x1c0 /tmp/ch.elf.PrlmSi.ltrans0.ltrans.o
 .text.rt_test_010_003_execute
                0x0000000008008cb0      0x11c /tmp/ch.elf.PrlmSi.ltrans0.ltrans.o
 *fill*         0x0000000008008dcc        0x4 
 .text.rt_test_010_004_execute
                0x0000000008008dd0      0x180 /tmp/ch.elf.PrlmSi.ltrans0.ltrans.o
 .text.rt_test_010_005_execute
                0x0000000008008f50      0x174 /tmp/ch.elf.PrlmSi.ltrans0.ltrans.o
 *fill*         0x00000000080090c4        0xc 
 .text.rt_test_012_007_setup.lto_priv.0
                0x00000000080090d0       0x10 /tmp/ch.elf.PrlmSi.ltrans1.ltrans.o
                0x00000000080090d0                rt_test_012_007_setup.lto_priv.0
 .text.rt_test_012_010_setup.lto_priv.0
                0x00000000080090e0       0x10 /tmp/ch.elf.PrlmSi.ltrans1.ltrans.o
                0x00000000080090e0                rt_test_012_010_setup.lto_priv.0
 .text.rt_test_012_011_setup.lto_priv.0
                0x00000000080090f0       0x10 /tmp/ch.elf.PrlmSi.ltrans1.ltrans.o
                0x00000000080090f0                rt_test_012_011_setup.lto_priv.0
 .text.oslib_test_002_003_setup.lto_priv.0
                0x0000000008009100       0x34 /tmp/ch.elf.PrlmSi.ltrans1.ltrans.o
                0x0000000008009100                oslib_test_002_003_setup.lto_priv.0
 *fill*         0x0000000008009134        0xc 
 .text.oslib_test_002_001_setup
                0x0000000008009140       0x34 /tmp/ch.elf.PrlmSi.ltrans1.ltrans.o
                0x0000000008009140                oslib_test_002_001_setup.lto_priv.0
 *fill*         0x0000000008009174        0xc 
 .text.oslib_test_002_002_setup
                0x0000000008009180       0x34 /tmp/ch.elf.PrlmSi.ltrans1.ltrans.o
                0x0000000008009180                oslib_test_002_002_setup.lto_priv.0
 *fill*         0x00000000080091b4        0xc 
 .text.oslib_test_003_001_setup.lto_priv.0
                0x00000000080091c0       0x48 /tmp/ch.elf.PrlmSi.ltrans1.ltrans.o
                0x00000000080091c0                oslib_test_003_001_setup.lto_priv.0
 *fill*         0x0000000008009208        0x8 
 .text.oslib_test_003_002_setup.lto_priv.0
                0x0000000008009210       0x48 /tmp/ch.elf.PrlmSi.ltrans1.ltrans.o
                0x0000000008009210                oslib_test_003_002_setup.lto_priv.0
 *fill*         0x0000000008009258        0x8 
 .text.dis_func0
                0x0000000008009260       0x20 /tmp/ch.elf.PrlmSi.ltrans1.ltrans.o
 .text.dis_func1
                0x0000000008009280       0x18 /tmp/ch.elf.PrlmSi.ltrans1.ltrans.o
 *fill*         0x0000000008009298        0x8 
 .text.dis_func2
                0x00000000080092a0       0x2c /tmp/ch.elf.PrlmSi.ltrans1.ltrans.o
 *fill*         0x00000000080092cc        0x4 
 .text.dis_func3
                0x00000000080092d0       0x38 /tmp/ch.elf.PrlmSi.ltrans1.ltrans.o
 *fill*         0x0000000008009308        0x8 
 .text.dis_func4
                0x0000000008009310       0x48 /tmp/ch.elf.PrlmSi.ltrans1.ltrans.o
 *fill*         0x0000000008009358        0x8 
 .text.dis_func_end
                0x0000000008009360       0x28 /tmp/ch.elf.PrlmSi.ltrans1.ltrans.o
 *fill*         0x0000000008009388        0x8 
 .text.obj_write
                0x0000000008009390       0x20 /tmp/ch.elf.PrlmSi.ltrans1.ltrans.o
 .text.null_provider
                0x00000000080093b0        0x4 /tmp/ch.elf.PrlmSi.ltrans1.ltrans.o
 *fill*         0x00000000080093b4        0xc 
 .text.oslib_test_007_001_setup.lto_priv.0
                0x00000000080093c0       0x14 /tmp/ch.elf.PrlmSi.ltrans1.ltrans.o
                0x00000000080093c0                oslib_test_007_001_setup.lto_priv.0
 *fill*         0x00000000080093d4        0xc 
 .text.oslib_test_007_001_execute.lto_priv.0
                0x00000000080093e0      0x198 /tmp/ch.elf.PrlmSi.ltrans1.ltrans.o
                0x00000000080093e0                oslib_test_007_001_execute.lto_priv.0
 *fill*         0x0000000008009578        0x8 
 .text.oslib_test_007_003_setup.lto_priv.0
                0x0000000008009580       0x1c /tmp/ch.elf.PrlmSi.ltrans1.ltrans.o
                0x0000000008009580                oslib_test_007_003_setup.lto_priv.0
 *fill*         0x000000000800959c        0x4 
 .text.oslib_test_007_002_setup
                0x00000000080095a0       0x1c /tmp/ch.elf.PrlmSi.ltrans1.ltrans.o
                0x00000000080095a0                oslib_test_007_002_setup.lto_priv.0
 *fill*         0x00000000080095bc        0x4 
 .text.oslib_test_008_001_setup.lto_priv.0
                0x00000000080095c0       0x3c /tmp/ch.elf.PrlmSi.ltrans1.ltrans.o
                0x00000000080095c0                oslib_test_008_001_setup.lto_priv.0
 *fill*         0x00000000080095fc        0x4 
 .text.Thread1.lto_priv.2
                0x0000000008009600       0x48 /tmp/ch.elf.PrlmSi.ltrans1.ltrans.o
 *fill*         0x0000000008009648        0x8 
 .text.init_alloc_info.isra.0
                0x0000000008009650       0x20 /tmp/ch.elf.PrlmSi.ltrans1.ltrans.o
 .text.rt_test_012_012_execute.lto_priv.0
                0x0000000008009670      0x14c /tmp/ch.elf.PrlmSi.ltrans1.ltrans.o
                0x0000000008009670                rt_test_012_012_execute.lto_priv.0
 *fill*         0x00000000080097bc        0x4 
 .text.oslib_test_001_002_execute.lto_priv.0
                0x00000000080097c0       0xc4 /tmp/ch.elf.PrlmSi.ltrans1.ltrans.o
                0x00000000080097c0                oslib_test_001_002_execute.lto_priv.0
 *fill*         0x0000000008009884        0xc 
 .text.oslib_test_001_003_execute.lto_priv.0
                0x0000000008009890      0x1ec /tmp/ch.elf.PrlmSi.ltrans1.ltrans.o
                0x0000000008009890                oslib_test_001_003_execute.lto_priv.0
 *fill*         0x0000000008009a7c        0x4 
 .text.rt_test_012_004_execute.lto_priv.0
                0x0000000008009a80      0x110 /tmp/ch.elf.PrlmSi.ltrans1.ltrans.o
                0x0000000008009a80                rt_test_012_004_execute.lto_priv.0
 .text.rt_test_012_005_execute.lto_priv.0
                0x0000000008009b90       0xb4 /tmp/ch.elf.PrlmSi.ltrans1.ltrans.o
                0x0000000008009b90                rt_test_012_005_execute.lto_priv.0
 *fill*         0x0000000008009c44        0xc 
 .text.rt_test_012_008_execute.lto_priv.0
                0x0000000008009c50      0x140 /tmp/ch.elf.PrlmSi.ltrans1.ltrans.o
                0x0000000008009c50                rt_test_012_008_execute.lto_priv.0
 .text.ShellHandler
                0x0000000008009d90       0x20 /tmp/ch.elf.PrlmSi.ltrans1.ltrans.o
 .text.rt_test_012_006_execute.lto_priv.0
                0x0000000008009db0       0xd4 /tmp/ch.elf.PrlmSi.ltrans1.ltrans.o
                0x0000000008009db0                rt_test_012_006_execute.lto_priv.0
 *fill*         0x0000000008009e84        0xc 
 .text.rt_test_012_010_execute.lto_priv.0
                0x0000000008009e90      0x1f8 /tmp/ch.elf.PrlmSi.ltrans1.ltrans.o
                0x0000000008009e90                rt_test_012_010_execute.lto_priv.0
 *fill*         0x000000000800a088        0x8 
 .text.chCacheGetObject.constprop.0
                0x000000000800a090      0x168 /tmp/ch.elf.PrlmSi.ltrans1.ltrans.o
 *fill*         0x000000000800a1f8        0x8 
 .text.rt_test_012_011_execute.lto_priv.0
                0x000000000800a200       0xdc /tmp/ch.elf.PrlmSi.ltrans1.ltrans.o
                0x000000000800a200                rt_test_012_011_execute.lto_priv.0
 *fill*         0x000000000800a2dc        0x4 
 .text.chHeapIntegrityCheck.constprop.0
                0x000000000800a2e0       0x68 /tmp/ch.elf.PrlmSi.ltrans1.ltrans.o
 *fill*         0x000000000800a348        0x8 
 .text.chFactoryReleaseSemaphore.isra.0
                0x000000000800a350       0x64 /tmp/ch.elf.PrlmSi.ltrans1.ltrans.o
 *fill*         0x000000000800a3b4        0xc 
 .text.chFactoryReleaseObject.isra.0
                0x000000000800a3c0       0x64 /tmp/ch.elf.PrlmSi.ltrans1.ltrans.o
 *fill*         0x000000000800a424        0xc 
 .text.oslib_test_001_001_execute
                0x000000000800a430        0x4 /tmp/ch.elf.PrlmSi.ltrans1.ltrans.o
                0x000000000800a430                oslib_test_001_001_execute.lto_priv.0
 *fill*         0x000000000800a434        0xc 
 .text.chMBPostAheadI.constprop.0
                0x000000000800a440       0x70 /tmp/ch.elf.PrlmSi.ltrans1.ltrans.o
 .text.oslib_test_002_001_teardown
                0x000000000800a4b0       0xb0 /tmp/ch.elf.PrlmSi.ltrans1.ltrans.o
                0x000000000800a4b0                oslib_test_002_001_teardown.lto_priv.0
 .text.oslib_test_002_002_teardown
                0x000000000800a560       0xb0 /tmp/ch.elf.PrlmSi.ltrans1.ltrans.o
                0x000000000800a560                oslib_test_002_002_teardown.lto_priv.0
 .text.oslib_test_002_003_teardown.lto_priv.0
                0x000000000800a610       0xb0 /tmp/ch.elf.PrlmSi.ltrans1.ltrans.o
                0x000000000800a610                oslib_test_002_003_teardown.lto_priv.0
 .text.obj_read
                0x000000000800a6c0       0xc8 /tmp/ch.elf.PrlmSi.ltrans1.ltrans.o
 *fill*         0x000000000800a788        0x8 
 .text.chMBPostAheadTimeout.constprop.0
                0x000000000800a790       0xbc /tmp/ch.elf.PrlmSi.ltrans1.ltrans.o
 *fill*         0x000000000800a84c        0x4 
 .text.oslib_test_006_001_execute.lto_priv.0
                0x000000000800a850      0x604 /tmp/ch.elf.PrlmSi.ltrans1.ltrans.o
                0x000000000800a850                oslib_test_006_001_execute.lto_priv.0
 *fill*         0x000000000800ae54        0xc 
 .text.oslib_test_002_001_execute.lto_priv.0
                0x000000000800ae60      0x3d4 /tmp/ch.elf.PrlmSi.ltrans1.ltrans.o
                0x000000000800ae60                oslib_test_002_001_execute.lto_priv.0
 *fill*         0x000000000800b234        0xc 
 .text.oslib_test_002_002_execute.lto_priv.0
                0x000000000800b240      0x40c /tmp/ch.elf.PrlmSi.ltrans1.ltrans.o
                0x000000000800b240                oslib_test_002_002_execute.lto_priv.0
 *fill*         0x000000000800b64c        0x4 
 .text.oslib_test_002_003_execute.lto_priv.0
                0x000000000800b650      0x210 /tmp/ch.elf.PrlmSi.ltrans1.ltrans.o
                0x000000000800b650                oslib_test_002_003_execute.lto_priv.0
 .text.Thread1.lto_priv.0
                0x000000000800b860       0x9c /tmp/ch.elf.PrlmSi.ltrans1.ltrans.o
 *fill*         0x000000000800b8fc        0x4 
 .text.oslib_test_007_002_execute.lto_priv.0
                0x000000000800b900      0x164 /tmp/ch.elf.PrlmSi.ltrans1.ltrans.o
                0x000000000800b900                oslib_test_007_002_execute.lto_priv.0
 *fill*         0x000000000800ba64        0xc 
 .text.oslib_test_007_003_execute.lto_priv.0
                0x000000000800ba70       0x2c /tmp/ch.elf.PrlmSi.ltrans1.ltrans.o
                0x000000000800ba70                oslib_test_007_003_execute.lto_priv.0
 *fill*         0x000000000800ba9c        0x4 
 .text.oslib_test_004_001_execute.lto_priv.0
                0x000000000800baa0      0x1d8 /tmp/ch.elf.PrlmSi.ltrans1.ltrans.o
                0x000000000800baa0                oslib_test_004_001_execute.lto_priv.0
 *fill*         0x000000000800bc78        0x8 
 .text.Thread1.lto_priv.1
                0x000000000800bc80       0x98 /tmp/ch.elf.PrlmSi.ltrans1.ltrans.o
 *fill*         0x000000000800bd18        0x8 
 .text.oslib_test_005_001_execute.lto_priv.0
                0x000000000800bd20      0x14c /tmp/ch.elf.PrlmSi.ltrans1.ltrans.o
                0x000000000800bd20                oslib_test_005_001_execute.lto_priv.0
 *fill*         0x000000000800be6c        0x4 
 .text.chFactoryReleaseObjectsFIFO.isra.0
                0x000000000800be70       0x50 /tmp/ch.elf.PrlmSi.ltrans1.ltrans.o
 .text.chFactoryReleasePipe.isra.0
                0x000000000800bec0       0x50 /tmp/ch.elf.PrlmSi.ltrans1.ltrans.o
 .text.chFactoryReleaseMailbox.isra.0
                0x000000000800bf10       0x50 /tmp/ch.elf.PrlmSi.ltrans1.ltrans.o
 .text.chFactoryReleaseBuffer.isra.0
                0x000000000800bf60       0x50 /tmp/ch.elf.PrlmSi.ltrans1.ltrans.o
 .text.oslib_test_008_001_execute.lto_priv.0
                0x000000000800bfb0      0x464 /tmp/ch.elf.PrlmSi.ltrans1.ltrans.o
                0x000000000800bfb0                oslib_test_008_001_execute.lto_priv.0
 *fill*         0x000000000800c414        0xc 
 .text.oslib_test_008_002_execute.lto_priv.0
                0x000000000800c420       0x7c /tmp/ch.elf.PrlmSi.ltrans1.ltrans.o
                0x000000000800c420                oslib_test_008_002_execute.lto_priv.0
 *fill*         0x000000000800c49c        0x4 
 .text.chFactoryCreateSemaphore.constprop.0
                0x000000000800c4a0       0xc0 /tmp/ch.elf.PrlmSi.ltrans1.ltrans.o
 .text.oslib_test_009_001_teardown.lto_priv.0
                0x000000000800c560       0x68 /tmp/ch.elf.PrlmSi.ltrans1.ltrans.o
                0x000000000800c560                oslib_test_009_001_teardown.lto_priv.0
 *fill*         0x000000000800c5c8        0x8 
 .text.oslib_test_009_002_teardown.lto_priv.0
                0x000000000800c5d0       0x68 /tmp/ch.elf.PrlmSi.ltrans1.ltrans.o
                0x000000000800c5d0                oslib_test_009_002_teardown.lto_priv.0
 *fill*         0x000000000800c638        0x8 
 .text.oslib_test_009_003_teardown.lto_priv.0
                0x000000000800c640       0x68 /tmp/ch.elf.PrlmSi.ltrans1.ltrans.o
                0x000000000800c640                oslib_test_009_003_teardown.lto_priv.0
 *fill*         0x000000000800c6a8        0x8 
 .text.oslib_test_009_004_teardown.lto_priv.0
                0x000000000800c6b0       0x68 /tmp/ch.elf.PrlmSi.ltrans1.ltrans.o
                0x000000000800c6b0                oslib_test_009_004_teardown.lto_priv.0
 *fill*         0x000000000800c718        0x8 
 .text.oslib_test_009_005_teardown.lto_priv.0
                0x000000000800c720       0x68 /tmp/ch.elf.PrlmSi.ltrans1.ltrans.o
                0x000000000800c720                oslib_test_009_005_teardown.lto_priv.0
 *fill*         0x000000000800c788        0x8 
 .text.oslib_test_009_006_teardown.lto_priv.0
                0x000000000800c790       0x68 /tmp/ch.elf.PrlmSi.ltrans1.ltrans.o
                0x000000000800c790                oslib_test_009_006_teardown.lto_priv.0
 *fill*         0x000000000800c7f8        0x8 
 .text.chFactoryFindPipe.constprop.0
                0x000000000800c800       0x60 /tmp/ch.elf.PrlmSi.ltrans1.ltrans.o
 .text.chFactoryFindObjectsFIFO.constprop.0
                0x000000000800c860       0x60 /tmp/ch.elf.PrlmSi.ltrans1.ltrans.o
 .text.chFactoryFindMailbox.constprop.0
                0x000000000800c8c0       0x60 /tmp/ch.elf.PrlmSi.ltrans1.ltrans.o
 .text.chFactoryFindSemaphore.constprop.0
                0x000000000800c920       0x60 /tmp/ch.elf.PrlmSi.ltrans1.ltrans.o
 .text.oslib_test_009_003_execute.lto_priv.0
                0x000000000800c980      0x120 /tmp/ch.elf.PrlmSi.ltrans1.ltrans.o
                0x000000000800c980                oslib_test_009_003_execute.lto_priv.0
 .text.chFactoryFindBuffer.constprop.0
                0x000000000800caa0       0x60 /tmp/ch.elf.PrlmSi.ltrans1.ltrans.o
 .text.chFactoryFindObject.constprop.0
                0x000000000800cb00       0x60 /tmp/ch.elf.PrlmSi.ltrans1.ltrans.o
 .text.chFactoryRegisterObject.constprop.0
                0x000000000800cb60       0xc4 /tmp/ch.elf.PrlmSi.ltrans1.ltrans.o
 *fill*         0x000000000800cc24        0xc 
 .text.oslib_test_009_001_execute.lto_priv.0
                0x000000000800cc30      0x160 /tmp/ch.elf.PrlmSi.ltrans1.ltrans.o
                0x000000000800cc30                oslib_test_009_001_execute.lto_priv.0
 .text.chFactoryCreatePipe.constprop.0
                0x000000000800cd90       0x70 /tmp/ch.elf.PrlmSi.ltrans1.ltrans.o
 .text.oslib_test_009_006_execute.lto_priv.0
                0x000000000800ce00      0x120 /tmp/ch.elf.PrlmSi.ltrans1.ltrans.o
                0x000000000800ce00                oslib_test_009_006_execute.lto_priv.0
 .text.chFactoryCreateObjectsFIFO.constprop.0
                0x000000000800cf20       0xf4 /tmp/ch.elf.PrlmSi.ltrans1.ltrans.o
 *fill*         0x000000000800d014        0xc 
 .text.oslib_test_009_005_execute.lto_priv.0
                0x000000000800d020      0x120 /tmp/ch.elf.PrlmSi.ltrans1.ltrans.o
                0x000000000800d020                oslib_test_009_005_execute.lto_priv.0
 .text.chFactoryCreateMailbox.constprop.0
                0x000000000800d140       0x60 /tmp/ch.elf.PrlmSi.ltrans1.ltrans.o
 .text.oslib_test_009_004_execute.lto_priv.0
                0x000000000800d1a0      0x120 /tmp/ch.elf.PrlmSi.ltrans1.ltrans.o
                0x000000000800d1a0                oslib_test_009_004_execute.lto_priv.0
 .text.oslib_test_009_002_execute.lto_priv.0
                0x000000000800d2c0      0x194 /tmp/ch.elf.PrlmSi.ltrans1.ltrans.o
                0x000000000800d2c0                oslib_test_009_002_execute.lto_priv.0
 *fill*         0x000000000800d454        0xc 
 .text.dir_next.constprop.0
                0x000000000800d460       0x94 /tmp/ch.elf.PrlmSi.ltrans1.ltrans.o
 *fill*         0x000000000800d4f4        0xc 
 .text.dir_sdi.constprop.0
                0x000000000800d500       0x74 /tmp/ch.elf.PrlmSi.ltrans1.ltrans.o
 *fill*         0x000000000800d574        0xc 
 .text.RemoveHandler
                0x000000000800d580       0x58 /tmp/ch.elf.PrlmSi.ltrans1.ltrans.o
 *fill*         0x000000000800d5d8        0x8 
 .text.dir_read.constprop.0
                0x000000000800d5e0      0x2cc /tmp/ch.elf.PrlmSi.ltrans1.ltrans.o
 *fill*         0x000000000800d8ac        0x4 
 .text.mount_volume.constprop.0
                0x000000000800d8b0      0x3a8 /tmp/ch.elf.PrlmSi.ltrans1.ltrans.o
 *fill*         0x000000000800dc58        0x8 
 .text.InsertHandler
                0x000000000800dc60       0x6c /tmp/ch.elf.PrlmSi.ltrans1.ltrans.o
 *fill*         0x000000000800dccc        0x4 
 .text.scan_files.constprop.0
                0x000000000800dcd0      0x938 /tmp/ch.elf.PrlmSi.ltrans1.ltrans.o
 *fill*         0x000000000800e608        0x8 
 .text.cmd_tree
                0x000000000800e610      0x180 /tmp/ch.elf.PrlmSi.ltrans1.ltrans.o
 .text.chThdCreateFromMemoryPool.constprop.0
                0x000000000800e790       0x88 /tmp/ch.elf.PrlmSi.ltrans1.ltrans.o
                0x000000000800e790                chThdCreateFromMemoryPool.constprop.0
 *fill*         0x000000000800e818        0x8 
 .text.chEvtWaitOneTimeout.constprop.0
                0x000000000800e820       0x4c /tmp/ch.elf.PrlmSi.ltrans1.ltrans.o
                0x000000000800e820                chEvtWaitOneTimeout.constprop.0
 *fill*         0x000000000800e86c        0x4 
 .text.chEvtWaitOne.constprop.0
                0x000000000800e870       0x50 /tmp/ch.elf.PrlmSi.ltrans1.ltrans.o
                0x000000000800e870                chEvtWaitOne.constprop.0
 .text.chSemResetWithMessage.constprop.0
                0x000000000800e8c0       0x60 /tmp/ch.elf.PrlmSi.ltrans1.ltrans.o
                0x000000000800e8c0                chSemResetWithMessage.constprop.0
 .text.rt_test_012_007_execute.lto_priv.0
                0x000000000800e920      0x188 /tmp/ch.elf.PrlmSi.ltrans1.ltrans.o
                0x000000000800e920                rt_test_012_007_execute.lto_priv.0
 *fill*         0x000000000800eaa8        0x8 
 .text.vt_insert_first.constprop.0
                0x000000000800eab0       0x80 /tmp/ch.elf.PrlmSi.ltrans1.ltrans.o
                0x000000000800eab0                vt_insert_first.constprop.0
 .text.vt_enqueue.constprop.0
                0x000000000800eb30       0xc4 /tmp/ch.elf.PrlmSi.ltrans1.ltrans.o
                0x000000000800eb30                vt_enqueue.constprop.0
 *fill*         0x000000000800ebf4        0xc 
 .text.rt_test_012_009_execute.lto_priv.0
                0x000000000800ec00       0xd0 /tmp/ch.elf.PrlmSi.ltrans1.ltrans.o
                0x000000000800ec00                rt_test_012_009_execute.lto_priv.0
 .text.job_slow
                0x000000000800ecd0       0x70 /tmp/ch.elf.PrlmSi.ltrans1.ltrans.o
 .text.startup.main
                0x000000000800ed40      0x860 /tmp/ch.elf.PrlmSi.ltrans1.ltrans.o
                0x000000000800ed40                main
 .text.tmrfunc  0x000000000800f5a0       0x84 /tmp/ch.elf.PrlmSi.ltrans1.ltrans.o
 *fill*         0x000000000800f624        0xc 
 .text.chPipeWriteTimeout.constprop.0
                0x000000000800f630      0x108 /tmp/ch.elf.PrlmSi.ltrans1.ltrans.o
 *fill*         0x000000000800f738        0x8 
 .text.chPipeReadTimeout.part.0.constprop.0
                0x000000000800f740       0xe4 /tmp/ch.elf.PrlmSi.ltrans1.ltrans.o
 *fill*         0x000000000800f824        0xc 
 .text.oslib_test_003_001_execute.lto_priv.0
                0x000000000800f830      0x47c /tmp/ch.elf.PrlmSi.ltrans1.ltrans.o
                0x000000000800f830                oslib_test_003_001_execute.lto_priv.0
 *fill*         0x000000000800fcac        0x4 
 .text.oslib_test_003_002_execute.lto_priv.0
                0x000000000800fcb0       0x80 /tmp/ch.elf.PrlmSi.ltrans1.ltrans.o
                0x000000000800fcb0                oslib_test_003_002_execute.lto_priv.0
 .text.chSemSignalWait.constprop.0.isra.0
                0x000000000800fd30       0x9c /tmp/ch.elf.PrlmSi.ltrans1.ltrans.o
                0x000000000800fd30                chSemSignalWait.constprop.0.isra.0
 *fill*         0x000000000800fdcc        0x4 
 .text.test_execute_inner.isra.0
                0x000000000800fdd0      0x318 /tmp/ch.elf.PrlmSi.ltrans1.ltrans.o
                0x000000000800fdd0                test_execute_inner.isra.0
 *fill*         0x00000000080100e8        0x8 
 .text.sdu_start_receive.isra.0
                0x00000000080100f0       0x48 /tmp/ch.elf.PrlmSi.ltrans1.ltrans.o
                0x00000000080100f0                sdu_start_receive.isra.0
 *(.glue_7t)
 .glue_7t       0x0000000008010138        0x0 linker stubs
 *(.glue_7)
 .glue_7        0x0000000008010138        0x0 linker stubs
 *(.gcc*)
                0x0000000008010138                __text_end__ = .

.vfp11_veneer   0x0000000008010138        0x0
 .vfp11_veneer  0x0000000008010138        0x0 linker stubs

.v4_bx          0x0000000008010138        0x0
 .v4_bx         0x0000000008010138        0x0 linker stubs

.iplt           0x0000000008010138        0x0
 .iplt          0x0000000008010138        0x0 ./build/obj/crt0_v7m.o

.rodata         0x0000000008010138     0x3258
                0x0000000008010138                __rodata_base__ = .
 *(.rodata)
 *(.rodata.*)
 .rodata.rt_test_002_001_execute.str1.4
                0x0000000008010138       0x57 /tmp/ch.elf.PrlmSi.ltrans0.ltrans.o
 *fill*         0x000000000801018f        0x1 
 .rodata.rt_test_010_001_execute.str1.4
                0x0000000008010190       0x1b /tmp/ch.elf.PrlmSi.ltrans0.ltrans.o
 *fill*         0x00000000080101ab        0x1 
 .rodata.parse_arguments.str1.4
                0x00000000080101ac        0x3 /tmp/ch.elf.PrlmSi.ltrans0.ltrans.o
 *fill*         0x00000000080101af        0x1 
 .rodata.rt_test_004_001_execute.str1.4
                0x00000000080101b0        0xe /tmp/ch.elf.PrlmSi.ltrans0.ltrans.o
 *fill*         0x00000000080101be        0x2 
 .rodata.rt_test_005_001_execute.str1.4
                0x00000000080101c0       0x13 /tmp/ch.elf.PrlmSi.ltrans0.ltrans.o
 *fill*         0x00000000080101d3        0x1 
 .rodata.rt_test_010_006_execute.str1.4
                0x00000000080101d4        0xf /tmp/ch.elf.PrlmSi.ltrans0.ltrans.o
 *fill*         0x00000000080101e3        0x1 
 .rodata.rt_test_002_002_execute.str1.4
                0x00000000080101e4       0x12 /tmp/ch.elf.PrlmSi.ltrans0.ltrans.o
 *fill*         0x00000000080101f6        0x2 
 .rodata.rt_test_005_003_execute.str1.4
                0x00000000080101f8       0x3e /tmp/ch.elf.PrlmSi.ltrans0.ltrans.o
 *fill*         0x0000000008010236        0x2 
 .rodata.rt_test_005_004_execute.str1.4
                0x0000000008010238       0x47 /tmp/ch.elf.PrlmSi.ltrans0.ltrans.o
 *fill*         0x000000000801027f        0x1 
 .rodata.rt_test_007_001_execute.str1.4
                0x0000000008010280       0x2b /tmp/ch.elf.PrlmSi.ltrans0.ltrans.o
 *fill*         0x00000000080102ab        0x1 
 .rodata.chThdCreateStatic.str1.4
                0x00000000080102ac        0x7 /tmp/ch.elf.PrlmSi.ltrans0.ltrans.o
 *fill*         0x00000000080102b3        0x1 
 .rodata.rt_test_007_005_execute.str1.4
                0x00000000080102b4       0x21 /tmp/ch.elf.PrlmSi.ltrans0.ltrans.o
 *fill*         0x00000000080102d5        0x3 
 .rodata.rt_test_007_006_execute.str1.4
                0x00000000080102d8       0x3f /tmp/ch.elf.PrlmSi.ltrans0.ltrans.o
                                         0x46 (size before relaxing)
 *fill*         0x0000000008010317        0x1 
 .rodata.rt_test_008_004_execute.str1.4
                0x0000000008010318       0x1d /tmp/ch.elf.PrlmSi.ltrans0.ltrans.o
 *fill*         0x0000000008010335        0x3 
 .rodata.rt_test_008_005_execute.str1.4
                0x0000000008010338       0x28 /tmp/ch.elf.PrlmSi.ltrans0.ltrans.o
 .rodata.rt_test_006_001_execute.str1.4
                0x0000000008010360        0x9 /tmp/ch.elf.PrlmSi.ltrans0.ltrans.o
 *fill*         0x0000000008010369        0x3 
 .rodata.rt_test_010_007_execute.str1.4
                0x000000000801036c        0xc /tmp/ch.elf.PrlmSi.ltrans0.ltrans.o
 .rodata.chprintf.str1.4
                0x0000000008010378        0x7 /tmp/ch.elf.PrlmSi.ltrans0.ltrans.o
 *fill*         0x000000000801037f        0x1 
 .rodata.shellThread.str1.4
                0x0000000008010380       0x81 /tmp/ch.elf.PrlmSi.ltrans0.ltrans.o
                                         0x85 (size before relaxing)
 *fill*         0x0000000008010401        0x3 
 .rodata.cmd_info.str1.4
                0x0000000008010404      0x145 /tmp/ch.elf.PrlmSi.ltrans0.ltrans.o
                                        0x159 (size before relaxing)
 *fill*         0x0000000008010549        0x3 
 .rodata.cmd_echo.str1.4
                0x000000000801054c        0xf /tmp/ch.elf.PrlmSi.ltrans0.ltrans.o
                                         0x15 (size before relaxing)
 *fill*         0x000000000801055b        0x1 
 .rodata.cmd_systime.str1.4
                0x000000000801055c        0xe /tmp/ch.elf.PrlmSi.ltrans0.ltrans.o
 *fill*         0x000000000801056a        0x2 
 .rodata.cmd_mem.str1.4
                0x000000000801056c       0x7a /tmp/ch.elf.PrlmSi.ltrans0.ltrans.o
 *fill*         0x00000000080105e6        0x2 
 .rodata.cmd_threads.str1.4
                0x00000000080105e8       0x70 /tmp/ch.elf.PrlmSi.ltrans0.ltrans.o
                                         0x7c (size before relaxing)
 .rodata.cmd_test.str1.4
                0x0000000008010658       0x20 /tmp/ch.elf.PrlmSi.ltrans0.ltrans.o
                                         0x30 (size before relaxing)
 .rodata.check_fs.lto_priv.0.str1.4
                0x0000000008010678       0x15 /tmp/ch.elf.PrlmSi.ltrans0.ltrans.o
 *fill*         0x000000000801068d        0x3 
 .rodata.rt_test_005_002_execute.str1.4
                0x0000000008010690       0x1e /tmp/ch.elf.PrlmSi.ltrans0.ltrans.o
                                         0x26 (size before relaxing)
 *fill*         0x00000000080106ae        0x2 
 .rodata.rt_test_007_004_execute.str1.4
                0x00000000080106b0       0x10 /tmp/ch.elf.PrlmSi.ltrans0.ltrans.o
 .rodata.rt_test_008_009_execute.str1.4
                0x00000000080106c0        0x4 /tmp/ch.elf.PrlmSi.ltrans0.ltrans.o
 .rodata.rt_test_009_001_execute.str1.4
                0x00000000080106c4        0x5 /tmp/ch.elf.PrlmSi.ltrans0.ltrans.o
 *fill*         0x00000000080106c9        0x3 
 .rodata.rt_test_011_001_execute.str1.4
                0x00000000080106cc       0xb2 /tmp/ch.elf.PrlmSi.ltrans0.ltrans.o
 *fill*         0x000000000801077e        0x2 
 .rodata.rt_test_011_002_execute.str1.4
                0x0000000008010780       0x34 /tmp/ch.elf.PrlmSi.ltrans0.ltrans.o
 .rodata.rt_test_001_001_execute.lto_priv.0.str1.4
                0x00000000080107b4      0x135 /tmp/ch.elf.PrlmSi.ltrans0.ltrans.o
 *fill*         0x00000000080108e9        0x3 
 .rodata.rt_test_001_002_execute.str1.4
                0x00000000080108ec      0x10d /tmp/ch.elf.PrlmSi.ltrans0.ltrans.o
 *fill*         0x00000000080109f9        0x3 
 .rodata.rt_test_001_003_execute.str1.4
                0x00000000080109fc      0x57d /tmp/ch.elf.PrlmSi.ltrans0.ltrans.o
 *fill*         0x0000000008010f79        0x3 
 .rodata.rt_test_012_001_execute.str1.4
                0x0000000008010f7c       0x26 /tmp/ch.elf.PrlmSi.ltrans0.ltrans.o
 *fill*         0x0000000008010fa2        0x2 
 .rodata.rt_test_007_003_execute.str1.4
                0x0000000008010fa4       0x16 /tmp/ch.elf.PrlmSi.ltrans0.ltrans.o
 *fill*         0x0000000008010fba        0x2 
 .rodata.rt_test_010_003_execute.str1.4
                0x0000000008010fbc       0x25 /tmp/ch.elf.PrlmSi.ltrans0.ltrans.o
 *fill*         0x0000000008010fe1        0x3 
 .rodata.rt_test_010_004_execute.str1.4
                0x0000000008010fe4       0x17 /tmp/ch.elf.PrlmSi.ltrans0.ltrans.o
 *fill*         0x0000000008010ffb        0x1 
 .rodata.str1.4
                0x0000000008010ffc      0xa99 /tmp/ch.elf.PrlmSi.ltrans0.ltrans.o
 *fill*         0x0000000008011a95        0x3 
 .rodata._stm32_dma_streams
                0x0000000008011a98       0xc0 /tmp/ch.elf.PrlmSi.ltrans0.ltrans.o
                0x0000000008011a98                _stm32_dma_streams
 .rodata.active_status
                0x0000000008011b58        0x2 /tmp/ch.elf.PrlmSi.ltrans0.ltrans.o
 *fill*         0x0000000008011b5a        0x2 
 .rodata.cvt1.1
                0x0000000008011b5c      0x1f2 /tmp/ch.elf.PrlmSi.ltrans0.ltrans.o
 *fill*         0x0000000008011d4e        0x2 
 .rodata.cvt2.0
                0x0000000008011d50       0xbc /tmp/ch.elf.PrlmSi.ltrans0.ltrans.o
 .rodata.ep0config.lto_priv.0
                0x0000000008011e0c       0x24 /tmp/ch.elf.PrlmSi.ltrans0.ltrans.o
                0x0000000008011e0c                ep0config.lto_priv.0
 .rodata.ep1config
                0x0000000008011e30       0x24 /tmp/ch.elf.PrlmSi.ltrans0.ltrans.o
 .rodata.ep2config
                0x0000000008011e54       0x24 /tmp/ch.elf.PrlmSi.ltrans0.ltrans.o
 .rodata.evhndl
                0x0000000008011e78        0xc /tmp/ch.elf.PrlmSi.ltrans0.ltrans.o
 .rodata.halted_status
                0x0000000008011e84        0x2 /tmp/ch.elf.PrlmSi.ltrans0.ltrans.o
 *fill*         0x0000000008011e86        0x2 
 .rodata.oslib_test_001_001
                0x0000000008011e88       0x10 /tmp/ch.elf.PrlmSi.ltrans0.ltrans.o
 .rodata.oslib_test_001_002
                0x0000000008011e98       0x10 /tmp/ch.elf.PrlmSi.ltrans0.ltrans.o
 .rodata.oslib_test_001_003
                0x0000000008011ea8       0x10 /tmp/ch.elf.PrlmSi.ltrans0.ltrans.o
 .rodata.oslib_test_002_001
                0x0000000008011eb8       0x10 /tmp/ch.elf.PrlmSi.ltrans0.ltrans.o
 .rodata.oslib_test_002_002
                0x0000000008011ec8       0x10 /tmp/ch.elf.PrlmSi.ltrans0.ltrans.o
 .rodata.oslib_test_002_003
                0x0000000008011ed8       0x10 /tmp/ch.elf.PrlmSi.ltrans0.ltrans.o
 .rodata.oslib_test_003_001
                0x0000000008011ee8       0x10 /tmp/ch.elf.PrlmSi.ltrans0.ltrans.o
 .rodata.oslib_test_003_002
                0x0000000008011ef8       0x10 /tmp/ch.elf.PrlmSi.ltrans0.ltrans.o
 .rodata.oslib_test_004_001
                0x0000000008011f08       0x10 /tmp/ch.elf.PrlmSi.ltrans0.ltrans.o
 .rodata.oslib_test_005_001
                0x0000000008011f18       0x10 /tmp/ch.elf.PrlmSi.ltrans0.ltrans.o
 .rodata.oslib_test_006_001
                0x0000000008011f28       0x10 /tmp/ch.elf.PrlmSi.ltrans0.ltrans.o
 .rodata.oslib_test_007_001
                0x0000000008011f38       0x10 /tmp/ch.elf.PrlmSi.ltrans0.ltrans.o
 .rodata.oslib_test_007_002
                0x0000000008011f48       0x10 /tmp/ch.elf.PrlmSi.ltrans0.ltrans.o
 .rodata.oslib_test_007_003
                0x0000000008011f58       0x10 /tmp/ch.elf.PrlmSi.ltrans0.ltrans.o
 .rodata.oslib_test_008_001
                0x0000000008011f68       0x10 /tmp/ch.elf.PrlmSi.ltrans0.ltrans.o
 .rodata.oslib_test_008_002
                0x0000000008011f78       0x10 /tmp/ch.elf.PrlmSi.ltrans0.ltrans.o
 .rodata.oslib_test_009_001
                0x0000000008011f88       0x10 /tmp/ch.elf.PrlmSi.ltrans0.ltrans.o
 .rodata.oslib_test_009_002
                0x0000000008011f98       0x10 /tmp/ch.elf.PrlmSi.ltrans0.ltrans.o
 .rodata.oslib_test_009_003
                0x0000000008011fa8       0x10 /tmp/ch.elf.PrlmSi.ltrans0.ltrans.o
 .rodata.oslib_test_009_004
                0x0000000008011fb8       0x10 /tmp/ch.elf.PrlmSi.ltrans0.ltrans.o
 .rodata.oslib_test_009_005
                0x0000000008011fc8       0x10 /tmp/ch.elf.PrlmSi.ltrans0.ltrans.o
 .rodata.oslib_test_009_006
                0x0000000008011fd8       0x10 /tmp/ch.elf.PrlmSi.ltrans0.ltrans.o
 .rodata.oslib_test_sequence_001
                0x0000000008011fe8        0x8 /tmp/ch.elf.PrlmSi.ltrans0.ltrans.o
 .rodata.oslib_test_sequence_001_array
                0x0000000008011ff0       0x10 /tmp/ch.elf.PrlmSi.ltrans0.ltrans.o
 .rodata.oslib_test_sequence_002
                0x0000000008012000        0x8 /tmp/ch.elf.PrlmSi.ltrans0.ltrans.o
 .rodata.oslib_test_sequence_002_array
                0x0000000008012008       0x10 /tmp/ch.elf.PrlmSi.ltrans0.ltrans.o
 .rodata.oslib_test_sequence_003
                0x0000000008012018        0x8 /tmp/ch.elf.PrlmSi.ltrans0.ltrans.o
 .rodata.oslib_test_sequence_003_array
                0x0000000008012020        0xc /tmp/ch.elf.PrlmSi.ltrans0.ltrans.o
 .rodata.oslib_test_sequence_004
                0x000000000801202c        0x8 /tmp/ch.elf.PrlmSi.ltrans0.ltrans.o
 .rodata.oslib_test_sequence_004_array
                0x0000000008012034        0x8 /tmp/ch.elf.PrlmSi.ltrans0.ltrans.o
 .rodata.oslib_test_sequence_005
                0x000000000801203c        0x8 /tmp/ch.elf.PrlmSi.ltrans0.ltrans.o
 .rodata.oslib_test_sequence_005_array
                0x0000000008012044        0x8 /tmp/ch.elf.PrlmSi.ltrans0.ltrans.o
 .rodata.oslib_test_sequence_006
                0x000000000801204c        0x8 /tmp/ch.elf.PrlmSi.ltrans0.ltrans.o
 .rodata.oslib_test_sequence_006_array
                0x0000000008012054        0x8 /tmp/ch.elf.PrlmSi.ltrans0.ltrans.o
 .rodata.oslib_test_sequence_007
                0x000000000801205c        0x8 /tmp/ch.elf.PrlmSi.ltrans0.ltrans.o
 .rodata.oslib_test_sequence_007_array
                0x0000000008012064       0x10 /tmp/ch.elf.PrlmSi.ltrans0.ltrans.o
 .rodata.oslib_test_sequence_008
                0x0000000008012074        0x8 /tmp/ch.elf.PrlmSi.ltrans0.ltrans.o
 .rodata.oslib_test_sequence_008_array
                0x000000000801207c        0xc /tmp/ch.elf.PrlmSi.ltrans0.ltrans.o
 .rodata.oslib_test_sequence_009
                0x0000000008012088        0x8 /tmp/ch.elf.PrlmSi.ltrans0.ltrans.o
 .rodata.oslib_test_sequence_009_array
                0x0000000008012090       0x1c /tmp/ch.elf.PrlmSi.ltrans0.ltrans.o
 .rodata.oslib_test_suite
                0x00000000080120ac        0x8 /tmp/ch.elf.PrlmSi.ltrans0.ltrans.o
 .rodata.oslib_test_suite_array
                0x00000000080120b4       0x28 /tmp/ch.elf.PrlmSi.ltrans0.ltrans.o
 .rodata.ram_areas
                0x00000000080120dc       0x80 /tmp/ch.elf.PrlmSi.ltrans0.ltrans.o
 .rodata.rt_test_001_001
                0x000000000801215c       0x10 /tmp/ch.elf.PrlmSi.ltrans0.ltrans.o
 .rodata.rt_test_001_002
                0x000000000801216c       0x10 /tmp/ch.elf.PrlmSi.ltrans0.ltrans.o
 .rodata.rt_test_001_003
                0x000000000801217c       0x10 /tmp/ch.elf.PrlmSi.ltrans0.ltrans.o
 .rodata.rt_test_002_001
                0x000000000801218c       0x10 /tmp/ch.elf.PrlmSi.ltrans0.ltrans.o
 .rodata.rt_test_002_002
                0x000000000801219c       0x10 /tmp/ch.elf.PrlmSi.ltrans0.ltrans.o
 .rodata.rt_test_002_003
                0x00000000080121ac       0x10 /tmp/ch.elf.PrlmSi.ltrans0.ltrans.o
 .rodata.rt_test_003_001
                0x00000000080121bc       0x10 /tmp/ch.elf.PrlmSi.ltrans0.ltrans.o
 .rodata.rt_test_003_002
                0x00000000080121cc       0x10 /tmp/ch.elf.PrlmSi.ltrans0.ltrans.o
 .rodata.rt_test_004_001
                0x00000000080121dc       0x10 /tmp/ch.elf.PrlmSi.ltrans0.ltrans.o
 .rodata.rt_test_005_001
                0x00000000080121ec       0x10 /tmp/ch.elf.PrlmSi.ltrans0.ltrans.o
 .rodata.rt_test_005_002
                0x00000000080121fc       0x10 /tmp/ch.elf.PrlmSi.ltrans0.ltrans.o
 .rodata.rt_test_005_003
                0x000000000801220c       0x10 /tmp/ch.elf.PrlmSi.ltrans0.ltrans.o
 .rodata.rt_test_005_004
                0x000000000801221c       0x10 /tmp/ch.elf.PrlmSi.ltrans0.ltrans.o
 .rodata.rt_test_006_001
                0x000000000801222c       0x10 /tmp/ch.elf.PrlmSi.ltrans0.ltrans.o
 .rodata.rt_test_007_001
                0x000000000801223c       0x10 /tmp/ch.elf.PrlmSi.ltrans0.ltrans.o
 .rodata.rt_test_007_002
                0x000000000801224c       0x10 /tmp/ch.elf.PrlmSi.ltrans0.ltrans.o
 .rodata.rt_test_007_003
                0x000000000801225c       0x10 /tmp/ch.elf.PrlmSi.ltrans0.ltrans.o
 .rodata.rt_test_007_004
                0x000000000801226c       0x10 /tmp/ch.elf.PrlmSi.ltrans0.ltrans.o
 .rodata.rt_test_007_005
                0x000000000801227c       0x10 /tmp/ch.elf.PrlmSi.ltrans0.ltrans.o
 .rodata.rt_test_007_006
                0x000000000801228c       0x10 /tmp/ch.elf.PrlmSi.ltrans0.ltrans.o
 .rodata.rt_test_008_001
                0x000000000801229c       0x10 /tmp/ch.elf.PrlmSi.ltrans0.ltrans.o
 .rodata.rt_test_008_004
                0x00000000080122ac       0x10 /tmp/ch.elf.PrlmSi.ltrans0.ltrans.o
 .rodata.rt_test_008_005
                0x00000000080122bc       0x10 /tmp/ch.elf.PrlmSi.ltrans0.ltrans.o
 .rodata.rt_test_008_007
                0x00000000080122cc       0x10 /tmp/ch.elf.PrlmSi.ltrans0.ltrans.o
 .rodata.rt_test_008_008
                0x00000000080122dc       0x10 /tmp/ch.elf.PrlmSi.ltrans0.ltrans.o
 .rodata.rt_test_008_009
                0x00000000080122ec       0x10 /tmp/ch.elf.PrlmSi.ltrans0.ltrans.o
 .rodata.rt_test_009_001
                0x00000000080122fc       0x10 /tmp/ch.elf.PrlmSi.ltrans0.ltrans.o
 .rodata.rt_test_010_001
                0x000000000801230c       0x10 /tmp/ch.elf.PrlmSi.ltrans0.ltrans.o
 .rodata.rt_test_010_002
                0x000000000801231c       0x10 /tmp/ch.elf.PrlmSi.ltrans0.ltrans.o
 .rodata.rt_test_010_003
                0x000000000801232c       0x10 /tmp/ch.elf.PrlmSi.ltrans0.ltrans.o
 .rodata.rt_test_010_004
                0x000000000801233c       0x10 /tmp/ch.elf.PrlmSi.ltrans0.ltrans.o
 .rodata.rt_test_010_005
                0x000000000801234c       0x10 /tmp/ch.elf.PrlmSi.ltrans0.ltrans.o
 .rodata.rt_test_010_006
                0x000000000801235c       0x10 /tmp/ch.elf.PrlmSi.ltrans0.ltrans.o
 .rodata.rt_test_010_007
                0x000000000801236c       0x10 /tmp/ch.elf.PrlmSi.ltrans0.ltrans.o
 .rodata.rt_test_011_001
                0x000000000801237c       0x10 /tmp/ch.elf.PrlmSi.ltrans0.ltrans.o
 .rodata.rt_test_011_002
                0x000000000801238c       0x10 /tmp/ch.elf.PrlmSi.ltrans0.ltrans.o
 .rodata.rt_test_012_001
                0x000000000801239c       0x10 /tmp/ch.elf.PrlmSi.ltrans0.ltrans.o
 .rodata.rt_test_012_002
                0x00000000080123ac       0x10 /tmp/ch.elf.PrlmSi.ltrans0.ltrans.o
 .rodata.rt_test_012_003
                0x00000000080123bc       0x10 /tmp/ch.elf.PrlmSi.ltrans0.ltrans.o
 .rodata.rt_test_012_004
                0x00000000080123cc       0x10 /tmp/ch.elf.PrlmSi.ltrans0.ltrans.o
 .rodata.rt_test_012_005
                0x00000000080123dc       0x10 /tmp/ch.elf.PrlmSi.ltrans0.ltrans.o
 .rodata.rt_test_012_006
                0x00000000080123ec       0x10 /tmp/ch.elf.PrlmSi.ltrans0.ltrans.o
 .rodata.rt_test_012_007
                0x00000000080123fc       0x10 /tmp/ch.elf.PrlmSi.ltrans0.ltrans.o
 .rodata.rt_test_012_008
                0x000000000801240c       0x10 /tmp/ch.elf.PrlmSi.ltrans0.ltrans.o
 .rodata.rt_test_012_009
                0x000000000801241c       0x10 /tmp/ch.elf.PrlmSi.ltrans0.ltrans.o
 .rodata.rt_test_012_010
                0x000000000801242c       0x10 /tmp/ch.elf.PrlmSi.ltrans0.ltrans.o
 .rodata.rt_test_012_011
                0x000000000801243c       0x10 /tmp/ch.elf.PrlmSi.ltrans0.ltrans.o
 .rodata.rt_test_012_012
                0x000000000801244c       0x10 /tmp/ch.elf.PrlmSi.ltrans0.ltrans.o
 .rodata.rt_test_sequence_001
                0x000000000801245c        0x8 /tmp/ch.elf.PrlmSi.ltrans0.ltrans.o
 .rodata.rt_test_sequence_001_array
                0x0000000008012464       0x10 /tmp/ch.elf.PrlmSi.ltrans0.ltrans.o
 .rodata.rt_test_sequence_002
                0x0000000008012474        0x8 /tmp/ch.elf.PrlmSi.ltrans0.ltrans.o
 .rodata.rt_test_sequence_002_array
                0x000000000801247c       0x10 /tmp/ch.elf.PrlmSi.ltrans0.ltrans.o
 .rodata.rt_test_sequence_003
                0x000000000801248c        0x8 /tmp/ch.elf.PrlmSi.ltrans0.ltrans.o
 .rodata.rt_test_sequence_003_array
                0x0000000008012494        0xc /tmp/ch.elf.PrlmSi.ltrans0.ltrans.o
 .rodata.rt_test_sequence_004
                0x00000000080124a0        0x8 /tmp/ch.elf.PrlmSi.ltrans0.ltrans.o
 .rodata.rt_test_sequence_004_array
                0x00000000080124a8        0x8 /tmp/ch.elf.PrlmSi.ltrans0.ltrans.o
 .rodata.rt_test_sequence_005
                0x00000000080124b0        0x8 /tmp/ch.elf.PrlmSi.ltrans0.ltrans.o
 .rodata.rt_test_sequence_005_array
                0x00000000080124b8       0x14 /tmp/ch.elf.PrlmSi.ltrans0.ltrans.o
 .rodata.rt_test_sequence_006